[Sat Nov 29 22:29:22.146065 2014] [authz_core:debug] [pid 10176:tid 1140] mod_authz_core.c(799): [client 127.0.0.1:16849] AH01626: authorization result of Require all granted: granted, referer: https://volunteer/admin/
[Sat Nov 29 22:29:22.146065 2014] [authz_core:debug] [pid 10176:tid 1140] mod_authz_core.c(799): [client 127.0.0.1:16849] AH01626: authorization result of <RequireAny>: granted, referer: https://volunteer/admin/
[Sat Nov 29 22:29:22.205069 2014] [:error] [pid 10176:tid 1140] [client 127.0.0.1:16849] PHP Notice:  Undefined index: admin_position_narrow in C:\\Users\\Brandon Thomas\\Documents\\GitHub\\freelance\\volunteer\\admin\\include\\admin_class\\manage_position.class.php on line 87, referer: https://volunteer/admin/
[Sat Nov 29 22:29:22.205069 2014] [:error] [pid 10176:tid 1140] [client 127.0.0.1:16849] PHP Stack trace:, referer: https://volunteer/admin/
[Sat Nov 29 22:29:22.205069 2014] [:error] [pid 10176:tid 1140] [client 127.0.0.1:16849] PHP   1. {main}() C:\\Users\\Brandon Thomas\\Documents\\GitHub\\freelance\\volunteer\\admin\\index.php:0, referer: https://volunteer/admin/
[Sat Nov 29 22:29:22.205069 2014] [:error] [pid 10176:tid 1140] [client 127.0.0.1:16849] PHP   2. require_once() C:\\Users\\Brandon Thomas\\Documents\\GitHub\\freelance\\volunteer\\admin\\index.php:21, referer: https://volunteer/admin/
[Sat Nov 29 22:29:22.205069 2014] [:error] [pid 10176:tid 1140] [client 127.0.0.1:16849] PHP   3. manage_position->__construct() C:\\Users\\Brandon Thomas\\Documents\\GitHub\\freelance\\volunteer\\admin\\include\\templates\\admin_page.php:45, referer: https://volunteer/admin/
[Sat Nov 29 22:29:22.691096 2014] [ssl:debug] [pid 10176:tid 1152] ssl_engine_kernel.c(215): [client 127.0.0.1:16851] AH02034: Subsequent (No.4) HTTPS request received for child 59 (server volunteer:443), referer: https://volunteer/admin/
[Sat Nov 29 22:29:22.692096 2014] [authz_core:debug] [pid 10176:tid 1152] mod_authz_core.c(799): [client 127.0.0.1:16851] AH01626: authorization result of Require all granted: granted, referer: https://volunteer/admin/
[Sat Nov 29 22:29:22.692096 2014] [authz_core:debug] [pid 10176:tid 1152] mod_authz_core.c(799): [client 127.0.0.1:16851] AH01626: authorization result of <RequireAny>: granted, referer: https://volunteer/admin/
[Sat Nov 29 22:29:22.962112 2014] [ssl:debug] [pid 10176:tid 1140] ssl_engine_io.c(999): [client 127.0.0.1:16849] AH02001: Connection closed to child 58 with standard shutdown (server volunteer:443)
[Sat Nov 29 22:29:23.496142 2014] [ssl:debug] [pid 10176:tid 1152] ssl_engine_kernel.c(215): [client 127.0.0.1:16851] AH02034: Subsequent (No.5) HTTPS request received for child 59 (server volunteer:443), referer: https://volunteer/style/bootstrap.min.css
[Sat Nov 29 22:29:23.497142 2014] [authz_core:debug] [pid 10176:tid 1152] mod_authz_core.c(799): [client 127.0.0.1:16851] AH01626: authorization result of Require all granted: granted, referer: https://volunteer/style/bootstrap.min.css
[Sat Nov 29 22:29:23.497142 2014] [authz_core:debug] [pid 10176:tid 1152] mod_authz_core.c(799): [client 127.0.0.1:16851] AH01626: authorization result of <RequireAny>: granted, referer: https://volunteer/style/bootstrap.min.css
[Sat Nov 29 22:29:23.498142 2014] [ssl:debug] [pid 10176:tid 1160] ssl_engine_io.c(999): [client 127.0.0.1:16853] AH02001: Connection closed to child 60 with standard shutdown (server volunteer:443)
[Sat Nov 29 22:29:23.503143 2014] [ssl:debug] [pid 10176:tid 1136] ssl_engine_io.c(999): [client 127.0.0.1:16852] AH02001: Connection closed to child 57 with standard shutdown (server volunteer:443)
[Sat Nov 29 22:29:23.505143 2014] [ssl:debug] [pid 10176:tid 1124] ssl_engine_io.c(999): [client 127.0.0.1:16834] AH02001: Connection closed to child 56 with standard shutdown (server volunteer:443)
[Sat Nov 29 22:29:23.506143 2014] [ssl:debug] [pid 10176:tid 1184] ssl_engine_io.c(999): [client 127.0.0.1:16850] AH02001: Connection closed to child 63 with standard shutdown (server volunteer:443)
[Sat Nov 29 22:29:25.546260 2014] [ssl:debug] [pid 10176:tid 1152] ssl_engine_kernel.c(215): [client 127.0.0.1:16851] AH02034: Subsequent (No.6) HTTPS request received for child 59 (server volunteer:443), referer: https://volunteer/admin/manage-position
[Sat Nov 29 22:29:25.548260 2014] [authz_core:debug] [pid 10176:tid 1152] mod_authz_core.c(799): [client 127.0.0.1:16851] AH01626: authorization result of Require all granted: granted, referer: https://volunteer/admin/manage-position
[Sat Nov 29 22:29:25.548260 2014] [authz_core:debug] [pid 10176:tid 1152] mod_authz_core.c(799): [client 127.0.0.1:16851] AH01626: authorization result of <RequireAny>: granted, referer: https://volunteer/admin/manage-position
[Sat Nov 29 22:29:26.216298 2014] [:error] [pid 10176:tid 1152] [client 127.0.0.1:16851] PHP Fatal error:  Call to a member function execute() on a non-object in C:\\Users\\Brandon Thomas\\Documents\\GitHub\\freelance\\volunteer\\admin\\include\\functions\\db_functions.php on line 101, referer: https://volunteer/admin/manage-position
[Sat Nov 29 22:29:26.216298 2014] [:error] [pid 10176:tid 1152] [client 127.0.0.1:16851] PHP Stack trace:, referer: https://volunteer/admin/manage-position
[Sat Nov 29 22:29:26.216298 2014] [:error] [pid 10176:tid 1152] [client 127.0.0.1:16851] PHP   1. {main}() C:\\Users\\Brandon Thomas\\Documents\\GitHub\\freelance\\volunteer\\admin\\index.php:0, referer: https://volunteer/admin/manage-position
[Sat Nov 29 22:29:26.216298 2014] [:error] [pid 10176:tid 1152] [client 127.0.0.1:16851] PHP   2. require_once() C:\\Users\\Brandon Thomas\\Documents\\GitHub\\freelance\\volunteer\\admin\\index.php:21, referer: https://volunteer/admin/manage-position
[Sat Nov 29 22:29:26.216298 2014] [:error] [pid 10176:tid 1152] [client 127.0.0.1:16851] PHP   3. settings->display() C:\\Users\\Brandon Thomas\\Documents\\GitHub\\freelance\\volunteer\\admin\\include\\templates\\admin_page.php:99, referer: https://volunteer/admin/manage-position
[Sat Nov 29 22:29:26.216298 2014] [:error] [pid 10176:tid 1152] [client 127.0.0.1:16851] PHP   4. settings->coreSettingsPage() C:\\Users\\Brandon Thomas\\Documents\\GitHub\\freelance\\volunteer\\admin\\include\\admin_class\\settings.class.php:203, referer: https://volunteer/admin/manage-position
[Sat Nov 29 22:29:26.217298 2014] [:error] [pid 10176:tid 1152] [client 127.0.0.1:16851] PHP   5. getAttributes() C:\\Users\\Brandon Thomas\\Documents\\GitHub\\freelance\\volunteer\\admin\\include\\admin_class\\settings.class.php:567, referer: https://volunteer/admin/manage-position
[Sat Nov 29 22:29:31.719613 2014] [ssl:debug] [pid 10176:tid 1152] ssl_engine_io.c(999): [client 127.0.0.1:16851] AH02001: Connection closed to child 59 with standard shutdown (server volunteer:443)
[Sat Nov 29 22:30:59.020606 2014] [ssl:debug] [pid 10176:tid 1160] ssl_engine_io.c(999): [client 127.0.0.1:16932] AH02001: Connection closed to child 60 with standard shutdown (server volunteer:443)
[Sat Nov 29 22:30:59.020606 2014] [ssl:debug] [pid 10176:tid 1136] ssl_engine_io.c(999): [client 127.0.0.1:16931] AH02001: Connection closed to child 57 with standard shutdown (server volunteer:443)
[Sat Nov 29 22:30:59.021606 2014] [ssl:debug] [pid 10176:tid 1152] ssl_engine_io.c(999): [client 127.0.0.1:16928] AH02001: Connection closed to child 59 with standard shutdown (server volunteer:443)
[Sat Nov 29 22:30:59.022606 2014] [ssl:debug] [pid 10176:tid 1184] ssl_engine_io.c(999): [client 127.0.0.1:16929] AH02001: Connection closed to child 63 with standard shutdown (server volunteer:443)
[Sat Nov 29 22:30:59.023606 2014] [ssl:debug] [pid 10176:tid 1140] ssl_engine_io.c(999): [client 127.0.0.1:16933] AH02001: Connection closed to child 58 with standard shutdown (server volunteer:443)
[Sat Nov 29 22:30:59.023606 2014] [ssl:debug] [pid 10176:tid 1124] ssl_engine_io.c(999): [client 127.0.0.1:16930] AH02001: Connection closed to child 56 with standard shutdown (server volunteer:443)
[Sat Nov 29 22:30:59.029607 2014] [ssl:debug] [pid 10176:tid 1124] ssl_engine_kernel.c(215): [client 127.0.0.1:16934] AH02034: Initial (No.1) HTTPS request received for child 56 (server volunteer:443), referer: https://volunteer/admin/manage-position
[Sat Nov 29 22:30:59.031607 2014] [authz_core:debug] [pid 10176:tid 1124] mod_authz_core.c(799): [client 127.0.0.1:16934] AH01626: authorization result of Require all granted: granted, referer: https://volunteer/admin/manage-position
[Sat Nov 29 22:30:59.031607 2014] [authz_core:debug] [pid 10176:tid 1124] mod_authz_core.c(799): [client 127.0.0.1:16934] AH01626: authorization result of <RequireAny>: granted, referer: https://volunteer/admin/manage-position
[Sat Nov 29 22:30:59.773649 2014] [ssl:debug] [pid 10176:tid 1140] ssl_engine_io.c(999): [client 127.0.0.1:16939] AH02001: Connection closed to child 58 with standard shutdown (server volunteer:443)
[Sat Nov 29 22:30:59.776649 2014] [ssl:debug] [pid 10176:tid 1184] ssl_engine_io.c(999): [client 127.0.0.1:16940] AH02001: Connection closed to child 63 with standard shutdown (server volunteer:443)
[Sat Nov 29 22:30:59.777649 2014] [ssl:debug] [pid 10176:tid 1136] ssl_engine_io.c(999): [client 127.0.0.1:16942] AH02001: Connection closed to child 57 with standard shutdown (server volunteer:443)
[Sat Nov 29 22:30:59.778649 2014] [ssl:debug] [pid 10176:tid 1160] ssl_engine_io.c(999): [client 127.0.0.1:16943] AH02001: Connection closed to child 60 with standard shutdown (server volunteer:443)
[Sat Nov 29 22:30:59.781650 2014] [ssl:debug] [pid 10176:tid 1152] ssl_engine_io.c(999): [client 127.0.0.1:16941] AH02001: Connection closed to child 59 with standard shutdown (server volunteer:443)
[Sat Nov 29 22:30:59.813651 2014] [ssl:debug] [pid 10176:tid 1184] ssl_engine_io.c(999): [client 127.0.0.1:16947] AH02001: Connection closed to child 63 with standard shutdown (server volunteer:443)
[Sat Nov 29 22:30:59.814651 2014] [ssl:debug] [pid 10176:tid 1152] ssl_engine_io.c(999): [client 127.0.0.1:16944] AH02001: Connection closed to child 59 with standard shutdown (server volunteer:443)
[Sat Nov 29 22:30:59.814651 2014] [ssl:debug] [pid 10176:tid 1160] ssl_engine_io.c(999): [client 127.0.0.1:16945] AH02001: Connection closed to child 60 with standard shutdown (server volunteer:443)
[Sat Nov 29 22:30:59.814651 2014] [ssl:debug] [pid 10176:tid 1136] ssl_engine_io.c(999): [client 127.0.0.1:16946] AH02001: Connection closed to child 57 with standard shutdown (server volunteer:443)
[Sat Nov 29 22:30:59.818652 2014] [ssl:debug] [pid 10176:tid 1140] ssl_engine_io.c(999): [client 127.0.0.1:16948] AH02001: Connection closed to child 58 with standard shutdown (server volunteer:443)
[Sat Nov 29 22:30:59.846653 2014] [ssl:debug] [pid 10176:tid 1136] ssl_engine_kernel.c(215): [client 127.0.0.1:16950] AH02034: Initial (No.1) HTTPS request received for child 57 (server volunteer:443), referer: https://volunteer/admin/settings
[Sat Nov 29 22:30:59.846653 2014] [ssl:debug] [pid 10176:tid 1152] ssl_engine_kernel.c(215): [client 127.0.0.1:16952] AH02034: Initial (No.1) HTTPS request received for child 59 (server volunteer:443), referer: https://volunteer/admin/settings
[Sat Nov 29 22:30:59.847653 2014] [authz_core:debug] [pid 10176:tid 1136] mod_authz_core.c(799): [client 127.0.0.1:16950] AH01626: authorization result of Require all granted: granted, referer: https://volunteer/admin/settings
[Sat Nov 29 22:30:59.847653 2014] [authz_core:debug] [pid 10176:tid 1136] mod_authz_core.c(799): [client 127.0.0.1:16950] AH01626: authorization result of <RequireAny>: granted, referer: https://volunteer/admin/settings
[Sat Nov 29 22:30:59.848653 2014] [authz_core:debug] [pid 10176:tid 1152] mod_authz_core.c(799): [client 127.0.0.1:16952] AH01626: authorization result of Require all granted: granted, referer: https://volunteer/admin/settings
[Sat Nov 29 22:30:59.848653 2014] [authz_core:debug] [pid 10176:tid 1152] mod_authz_core.c(799): [client 127.0.0.1:16952] AH01626: authorization result of <RequireAny>: granted, referer: https://volunteer/admin/settings
[Sat Nov 29 22:30:59.849653 2014] [ssl:debug] [pid 10176:tid 1184] ssl_engine_kernel.c(215): [client 127.0.0.1:16953] AH02034: Initial (No.1) HTTPS request received for child 63 (server volunteer:443), referer: https://volunteer/admin/settings
[Sat Nov 29 22:30:59.849653 2014] [ssl:debug] [pid 10176:tid 1140] ssl_engine_kernel.c(215): [client 127.0.0.1:16949] AH02034: Initial (No.1) HTTPS request received for child 58 (server volunteer:443), referer: https://volunteer/admin/settings
[Sat Nov 29 22:30:59.850654 2014] [authz_core:debug] [pid 10176:tid 1184] mod_authz_core.c(799): [client 127.0.0.1:16953] AH01626: authorization result of Require all granted: granted, referer: https://volunteer/admin/settings
[Sat Nov 29 22:30:59.850654 2014] [authz_core:debug] [pid 10176:tid 1184] mod_authz_core.c(799): [client 127.0.0.1:16953] AH01626: authorization result of <RequireAny>: granted, referer: https://volunteer/admin/settings
[Sat Nov 29 22:30:59.850654 2014] [authz_core:debug] [pid 10176:tid 1140] mod_authz_core.c(799): [client 127.0.0.1:16949] AH01626: authorization result of Require all granted: granted, referer: https://volunteer/admin/settings
[Sat Nov 29 22:30:59.850654 2014] [authz_core:debug] [pid 10176:tid 1140] mod_authz_core.c(799): [client 127.0.0.1:16949] AH01626: authorization result of <RequireAny>: granted, referer: https://volunteer/admin/settings
[Sat Nov 29 22:30:59.854654 2014] [ssl:debug] [pid 10176:tid 1124] ssl_engine_kernel.c(215): [client 127.0.0.1:16934] AH02034: Subsequent (No.2) HTTPS request received for child 56 (server volunteer:443), referer: https://volunteer/admin/settings
[Sat Nov 29 22:30:59.855654 2014] [ssl:debug] [pid 10176:tid 1160] ssl_engine_kernel.c(215): [client 127.0.0.1:16951] AH02034: Initial (No.1) HTTPS request received for child 60 (server volunteer:443), referer: https://volunteer/admin/settings
[Sat Nov 29 22:30:59.855654 2014] [authz_core:debug] [pid 10176:tid 1124] mod_authz_core.c(799): [client 127.0.0.1:16934] AH01626: authorization result of Require all granted: granted, referer: https://volunteer/admin/settings
[Sat Nov 29 22:30:59.855654 2014] [authz_core:debug] [pid 10176:tid 1124] mod_authz_core.c(799): [client 127.0.0.1:16934] AH01626: authorization result of <RequireAny>: granted, referer: https://volunteer/admin/settings
[Sat Nov 29 22:30:59.856654 2014] [authz_core:debug] [pid 10176:tid 1160] mod_authz_core.c(799): [client 127.0.0.1:16951] AH01626: authorization result of Require all granted: granted, referer: https://volunteer/admin/settings
[Sat Nov 29 22:30:59.856654 2014] [authz_core:debug] [pid 10176:tid 1160] mod_authz_core.c(799): [client 127.0.0.1:16951] AH01626: authorization result of <RequireAny>: granted, referer: https://volunteer/admin/settings
[Sat Nov 29 22:30:59.875655 2014] [ssl:debug] [pid 10176:tid 1124] ssl_engine_kernel.c(215): [client 127.0.0.1:16934] AH02034: Subsequent (No.3) HTTPS request received for child 56 (server volunteer:443), referer: https://volunteer/admin/settings
[Sat Nov 29 22:30:59.875655 2014] [ssl:debug] [pid 10176:tid 1140] ssl_engine_kernel.c(215): [client 127.0.0.1:16949] AH02034: Subsequent (No.2) HTTPS request received for child 58 (server volunteer:443), referer: https://volunteer/admin/settings
[Sat Nov 29 22:30:59.876655 2014] [authz_core:debug] [pid 10176:tid 1124] mod_authz_core.c(799): [client 127.0.0.1:16934] AH01626: authorization result of Require all granted: granted, referer: https://volunteer/admin/settings
[Sat Nov 29 22:30:59.876655 2014] [authz_core:debug] [pid 10176:tid 1124] mod_authz_core.c(799): [client 127.0.0.1:16934] AH01626: authorization result of <RequireAny>: granted, referer: https://volunteer/admin/settings
[Sat Nov 29 22:30:59.876655 2014] [ssl:debug] [pid 10176:tid 1136] ssl_engine_kernel.c(215): [client 127.0.0.1:16950] AH02034: Subsequent (No.2) HTTPS request received for child 57 (server volunteer:443), referer: https://volunteer/admin/settings
[Sat Nov 29 22:30:59.876655 2014] [ssl:debug] [pid 10176:tid 1152] ssl_engine_kernel.c(215): [client 127.0.0.1:16952] AH02034: Subsequent (No.2) HTTPS request received for child 59 (server volunteer:443), referer: https://volunteer/admin/settings
[Sat Nov 29 22:30:59.876655 2014] [ssl:debug] [pid 10176:tid 1160] ssl_engine_kernel.c(215): [client 127.0.0.1:16951] AH02034: Subsequent (No.2) HTTPS request received for child 60 (server volunteer:443), referer: https://volunteer/admin/settings
[Sat Nov 29 22:30:59.876655 2014] [ssl:debug] [pid 10176:tid 1184] ssl_engine_kernel.c(215): [client 127.0.0.1:16953] AH02034: Subsequent (No.2) HTTPS request received for child 63 (server volunteer:443), referer: https://volunteer/admin/settings
[Sat Nov 29 22:30:59.879655 2014] [ssl:debug] [pid 10176:tid 1124] ssl_engine_kernel.c(215): [client 127.0.0.1:16934] AH02034: Subsequent (No.4) HTTPS request received for child 56 (server volunteer:443), referer: https://volunteer/admin/settings
[Sat Nov 29 22:30:59.880655 2014] [authz_core:debug] [pid 10176:tid 1140] mod_authz_core.c(799): [client 127.0.0.1:16949] AH01626: authorization result of Require all granted: granted, referer: https://volunteer/admin/settings
[Sat Nov 29 22:30:59.880655 2014] [authz_core:debug] [pid 10176:tid 1140] mod_authz_core.c(799): [client 127.0.0.1:16949] AH01626: authorization result of <RequireAny>: granted, referer: https://volunteer/admin/settings
[Sat Nov 29 22:30:59.880655 2014] [authz_core:debug] [pid 10176:tid 1136] mod_authz_core.c(799): [client 127.0.0.1:16950] AH01626: authorization result of Require all granted: granted, referer: https://volunteer/admin/settings
[Sat Nov 29 22:30:59.880655 2014] [authz_core:debug] [pid 10176:tid 1136] mod_authz_core.c(799): [client 127.0.0.1:16950] AH01626: authorization result of <RequireAny>: granted, referer: https://volunteer/admin/settings
[Sat Nov 29 22:30:59.881655 2014] [authz_core:debug] [pid 10176:tid 1124] mod_authz_core.c(799): [client 127.0.0.1:16934] AH01626: authorization result of Require all granted: granted, referer: https://volunteer/admin/settings
[Sat Nov 29 22:30:59.881655 2014] [authz_core:debug] [pid 10176:tid 1124] mod_authz_core.c(799): [client 127.0.0.1:16934] AH01626: authorization result of <RequireAny>: granted, referer: https://volunteer/admin/settings
[Sat Nov 29 22:30:59.881655 2014] [authz_core:debug] [pid 10176:tid 1184] mod_authz_core.c(799): [client 127.0.0.1:16953] AH01626: authorization result of Require all granted: granted, referer: https://volunteer/admin/settings
[Sat Nov 29 22:30:59.881655 2014] [authz_core:debug] [pid 10176:tid 1184] mod_authz_core.c(799): [client 127.0.0.1:16953] AH01626: authorization result of <RequireAny>: granted, referer: https://volunteer/admin/settings
[Sat Nov 29 22:30:59.882655 2014] [authz_core:debug] [pid 10176:tid 1160] mod_authz_core.c(799): [client 127.0.0.1:16951] AH01626: authorization result of Require all granted: granted, referer: https://volunteer/admin/settings
[Sat Nov 29 22:30:59.882655 2014] [authz_core:debug] [pid 10176:tid 1160] mod_authz_core.c(799): [client 127.0.0.1:16951] AH01626: authorization result of <RequireAny>: granted, referer: https://volunteer/admin/settings
[Sat Nov 29 22:30:59.882655 2014] [authz_core:debug] [pid 10176:tid 1152] mod_authz_core.c(799): [client 127.0.0.1:16952] AH01626: authorization result of Require all granted: granted, referer: https://volunteer/admin/settings
[Sat Nov 29 22:30:59.882655 2014] [authz_core:debug] [pid 10176:tid 1152] mod_authz_core.c(799): [client 127.0.0.1:16952] AH01626: authorization result of <RequireAny>: granted, referer: https://volunteer/admin/settings
[Sat Nov 29 22:30:59.888656 2014] [ssl:debug] [pid 10176:tid 1140] ssl_engine_kernel.c(215): [client 127.0.0.1:16949] AH02034: Subsequent (No.3) HTTPS request received for child 58 (server volunteer:443), referer: https://volunteer/admin/settings
[Sat Nov 29 22:30:59.888656 2014] [authz_core:debug] [pid 10176:tid 1140] mod_authz_core.c(799): [client 127.0.0.1:16949] AH01626: authorization result of Require all granted: granted, referer: https://volunteer/admin/settings
[Sat Nov 29 22:30:59.888656 2014] [authz_core:debug] [pid 10176:tid 1140] mod_authz_core.c(799): [client 127.0.0.1:16949] AH01626: authorization result of <RequireAny>: granted, referer: https://volunteer/admin/settings
[Sat Nov 29 22:31:00.232675 2014] [ssl:debug] [pid 10176:tid 1140] ssl_engine_kernel.c(215): [client 127.0.0.1:16949] AH02034: Subsequent (No.4) HTTPS request received for child 58 (server volunteer:443)
[Sat Nov 29 22:31:00.233675 2014] [authz_core:debug] [pid 10176:tid 1140] mod_authz_core.c(799): [client 127.0.0.1:16949] AH01626: authorization result of Require all granted: granted
[Sat Nov 29 22:31:00.233675 2014] [authz_core:debug] [pid 10176:tid 1140] mod_authz_core.c(799): [client 127.0.0.1:16949] AH01626: authorization result of <RequireAny>: granted
[Sat Nov 29 22:31:02.559808 2014] [ssl:debug] [pid 10176:tid 1140] ssl_engine_kernel.c(215): [client 127.0.0.1:16949] AH02034: Subsequent (No.5) HTTPS request received for child 58 (server volunteer:443), referer: https://volunteer/admin/settings
[Sat Nov 29 22:31:02.561809 2014] [authz_core:debug] [pid 10176:tid 1140] mod_authz_core.c(799): [client 127.0.0.1:16949] AH01626: authorization result of Require all granted: granted, referer: https://volunteer/admin/settings
[Sat Nov 29 22:31:02.561809 2014] [authz_core:debug] [pid 10176:tid 1140] mod_authz_core.c(799): [client 127.0.0.1:16949] AH01626: authorization result of <RequireAny>: granted, referer: https://volunteer/admin/settings
[Sat Nov 29 22:31:05.381970 2014] [ssl:debug] [pid 10176:tid 1136] ssl_engine_io.c(999): [client 127.0.0.1:16950] AH02001: Connection closed to child 57 with standard shutdown (server volunteer:443)
[Sat Nov 29 22:31:05.382970 2014] [ssl:debug] [pid 10176:tid 1184] ssl_engine_io.c(999): [client 127.0.0.1:16953] AH02001: Connection closed to child 63 with standard shutdown (server volunteer:443)
[Sat Nov 29 22:31:05.382970 2014] [ssl:debug] [pid 10176:tid 1160] ssl_engine_io.c(999): [client 127.0.0.1:16951] AH02001: Connection closed to child 60 with standard shutdown (server volunteer:443)
[Sat Nov 29 22:31:05.382970 2014] [ssl:debug] [pid 10176:tid 1124] ssl_engine_io.c(999): [client 127.0.0.1:16934] AH02001: Connection closed to child 56 with standard shutdown (server volunteer:443)
[Sat Nov 29 22:31:05.383970 2014] [ssl:debug] [pid 10176:tid 1152] ssl_engine_io.c(999): [client 127.0.0.1:16952] AH02001: Connection closed to child 59 with standard shutdown (server volunteer:443)
[Sat Nov 29 22:31:07.223075 2014] [ssl:debug] [pid 10176:tid 1140] ssl_engine_kernel.c(215): [client 127.0.0.1:16949] AH02034: Subsequent (No.6) HTTPS request received for child 58 (server volunteer:443), referer: https://volunteer/admin/settings/14
[Sat Nov 29 22:31:07.225075 2014] [authz_core:debug] [pid 10176:tid 1140] mod_authz_core.c(799): [client 127.0.0.1:16949] AH01626: authorization result of Require all granted: granted, referer: https://volunteer/admin/settings/14
[Sat Nov 29 22:31:07.225075 2014] [authz_core:debug] [pid 10176:tid 1140] mod_authz_core.c(799): [client 127.0.0.1:16949] AH01626: authorization result of <RequireAny>: granted, referer: https://volunteer/admin/settings/14
[Sat Nov 29 22:31:07.805108 2014] [ssl:debug] [pid 10176:tid 1152] ssl_engine_io.c(999): [client 127.0.0.1:16969] AH02001: Connection closed to child 59 with standard shutdown (server volunteer:443)
[Sat Nov 29 22:31:07.811109 2014] [ssl:debug] [pid 10176:tid 1152] ssl_engine_kernel.c(215): [client 127.0.0.1:16970] AH02034: Initial (No.1) HTTPS request received for child 59 (server volunteer:443), referer: https://volunteer/admin/settings/14
[Sat Nov 29 22:31:07.812109 2014] [authz_core:debug] [pid 10176:tid 1152] mod_authz_core.c(799): [client 127.0.0.1:16970] AH01626: authorization result of Require all granted: granted, referer: https://volunteer/admin/settings/14
[Sat Nov 29 22:31:07.812109 2014] [authz_core:debug] [pid 10176:tid 1152] mod_authz_core.c(799): [client 127.0.0.1:16970] AH01626: authorization result of <RequireAny>: granted, referer: https://volunteer/admin/settings/14
[Sat Nov 29 22:31:08.000120 2014] [ssl:debug] [pid 10176:tid 1140] ssl_engine_io.c(999): [client 127.0.0.1:16949] AH02001: Connection closed to child 58 with standard shutdown (server volunteer:443)
[Sat Nov 29 22:31:12.299366 2014] [ssl:debug] [pid 10176:tid 1124] ssl_engine_io.c(999): [client 127.0.0.1:16981] AH02001: Connection closed to child 56 with standard shutdown (server volunteer:443)
[Sat Nov 29 22:31:12.300366 2014] [ssl:debug] [pid 10176:tid 1136] ssl_engine_io.c(999): [client 127.0.0.1:16982] AH02001: Connection closed to child 57 with standard shutdown (server volunteer:443)
[Sat Nov 29 22:31:12.300366 2014] [ssl:debug] [pid 10176:tid 1140] ssl_engine_io.c(999): [client 127.0.0.1:16978] AH02001: Connection closed to child 58 with standard shutdown (server volunteer:443)
[Sat Nov 29 22:31:12.301366 2014] [ssl:debug] [pid 10176:tid 1160] ssl_engine_io.c(999): [client 127.0.0.1:16979] AH02001: Connection closed to child 60 with standard shutdown (server volunteer:443)
[Sat Nov 29 22:31:12.302366 2014] [ssl:debug] [pid 10176:tid 1184] ssl_engine_io.c(999): [client 127.0.0.1:16980] AH02001: Connection closed to child 63 with standard shutdown (server volunteer:443)
[Sat Nov 29 22:31:12.304366 2014] [ssl:debug] [pid 10176:tid 1152] ssl_engine_kernel.c(215): [client 127.0.0.1:16970] AH02034: Subsequent (No.2) HTTPS request received for child 59 (server volunteer:443), referer: https://volunteer/admin/settings
[Sat Nov 29 22:31:12.306366 2014] [authz_core:debug] [pid 10176:tid 1152] mod_authz_core.c(799): [client 127.0.0.1:16970] AH01626: authorization result of Require all granted: granted, referer: https://volunteer/admin/settings
[Sat Nov 29 22:31:12.306366 2014] [authz_core:debug] [pid 10176:tid 1152] mod_authz_core.c(799): [client 127.0.0.1:16970] AH01626: authorization result of <RequireAny>: granted, referer: https://volunteer/admin/settings
[Sat Nov 29 22:31:14.229476 2014] [ssl:debug] [pid 10176:tid 1152] ssl_engine_kernel.c(215): [client 127.0.0.1:16970] AH02034: Subsequent (No.3) HTTPS request received for child 59 (server volunteer:443), referer: https://volunteer/admin/manage-position
[Sat Nov 29 22:31:14.229476 2014] [ssl:debug] [pid 10176:tid 1160] ssl_engine_io.c(999): [client 127.0.0.1:16990] AH02001: Connection closed to child 60 with standard shutdown (server volunteer:443)
[Sat Nov 29 22:31:14.230476 2014] [ssl:debug] [pid 10176:tid 1140] ssl_engine_io.c(999): [client 127.0.0.1:16991] AH02001: Connection closed to child 58 with standard shutdown (server volunteer:443)
[Sat Nov 29 22:31:14.231476 2014] [authz_core:debug] [pid 10176:tid 1152] mod_authz_core.c(799): [client 127.0.0.1:16970] AH01626: authorization result of Require all granted: granted, referer: https://volunteer/admin/manage-position
[Sat Nov 29 22:31:14.231476 2014] [authz_core:debug] [pid 10176:tid 1152] mod_authz_core.c(799): [client 127.0.0.1:16970] AH01626: authorization result of <RequireAny>: granted, referer: https://volunteer/admin/manage-position
[Sat Nov 29 22:31:14.231476 2014] [ssl:debug] [pid 10176:tid 1184] ssl_engine_io.c(999): [client 127.0.0.1:16989] AH02001: Connection closed to child 63 with standard shutdown (server volunteer:443)
[Sat Nov 29 22:31:16.785622 2014] [ssl:debug] [pid 10176:tid 1152] ssl_engine_kernel.c(215): [client 127.0.0.1:16970] AH02034: Subsequent (No.4) HTTPS request received for child 59 (server volunteer:443), referer: https://volunteer/admin/settings
[Sat Nov 29 22:31:16.788622 2014] [authz_core:debug] [pid 10176:tid 1152] mod_authz_core.c(799): [client 127.0.0.1:16970] AH01626: authorization result of Require all granted: granted, referer: https://volunteer/admin/settings
[Sat Nov 29 22:31:16.788622 2014] [authz_core:debug] [pid 10176:tid 1152] mod_authz_core.c(799): [client 127.0.0.1:16970] AH01626: authorization result of <RequireAny>: granted, referer: https://volunteer/admin/settings
[Sat Nov 29 22:31:17.539665 2014] [ssl:debug] [pid 10176:tid 1184] ssl_engine_io.c(999): [client 127.0.0.1:17000] AH02001: Connection closed to child 63 with standard shutdown (server volunteer:443)
[Sat Nov 29 22:31:17.543665 2014] [ssl:debug] [pid 10176:tid 1184] ssl_engine_kernel.c(215): [client 127.0.0.1:17001] AH02034: Initial (No.1) HTTPS request received for child 63 (server volunteer:443), referer: https://volunteer/admin/settings
[Sat Nov 29 22:31:17.545666 2014] [authz_core:debug] [pid 10176:tid 1184] mod_authz_core.c(799): [client 127.0.0.1:17001] AH01626: authorization result of Require all granted: granted, referer: https://volunteer/admin/settings
[Sat Nov 29 22:31:17.545666 2014] [authz_core:debug] [pid 10176:tid 1184] mod_authz_core.c(799): [client 127.0.0.1:17001] AH01626: authorization result of <RequireAny>: granted, referer: https://volunteer/admin/settings
[Sat Nov 29 22:31:17.751677 2014] [ssl:debug] [pid 10176:tid 1152] ssl_engine_io.c(999): [client 127.0.0.1:16970] AH02001: Connection closed to child 59 with standard shutdown (server volunteer:443)
[Sat Nov 29 22:31:20.585840 2014] [ssl:debug] [pid 10176:tid 1184] ssl_engine_kernel.c(215): [client 127.0.0.1:17001] AH02034: Subsequent (No.2) HTTPS request received for child 63 (server volunteer:443), referer: https://volunteer/admin/settings/
[Sat Nov 29 22:31:20.586840 2014] [authz_core:debug] [pid 10176:tid 1184] mod_authz_core.c(799): [client 127.0.0.1:17001] AH01626: authorization result of Require all granted: granted, referer: https://volunteer/admin/settings/
[Sat Nov 29 22:31:20.586840 2014] [authz_core:debug] [pid 10176:tid 1184] mod_authz_core.c(799): [client 127.0.0.1:17001] AH01626: authorization result of <RequireAny>: granted, referer: https://volunteer/admin/settings/
[Sat Nov 29 22:31:24.911087 2014] [ssl:debug] [pid 10176:tid 1184] ssl_engine_kernel.c(215): [client 127.0.0.1:17001] AH02034: Subsequent (No.3) HTTPS request received for child 63 (server volunteer:443), referer: https://volunteer/admin/settings/14
[Sat Nov 29 22:31:24.913087 2014] [authz_core:debug] [pid 10176:tid 1184] mod_authz_core.c(799): [client 127.0.0.1:17001] AH01626: authorization result of Require all granted: granted, referer: https://volunteer/admin/settings/14
[Sat Nov 29 22:31:24.913087 2014] [authz_core:debug] [pid 10176:tid 1184] mod_authz_core.c(799): [client 127.0.0.1:17001] AH01626: authorization result of <RequireAny>: granted, referer: https://volunteer/admin/settings/14
[Sat Nov 29 22:31:31.151444 2014] [ssl:debug] [pid 10176:tid 1184] ssl_engine_io.c(999): [client 127.0.0.1:17001] AH02001: Connection closed to child 63 with standard shutdown (server volunteer:443)
[Sat Nov 29 22:32:31.992924 2014] [ssl:debug] [pid 10176:tid 1184] ssl_engine_io.c(999): [client 127.0.0.1:17070] AH02001: Connection closed to child 63 with standard shutdown (server volunteer:443)
[Sat Nov 29 22:32:31.993924 2014] [ssl:debug] [pid 10176:tid 1152] ssl_engine_io.c(999): [client 127.0.0.1:17071] AH02001: Connection closed to child 59 with standard shutdown (server volunteer:443)
[Sat Nov 29 22:32:31.994924 2014] [ssl:debug] [pid 10176:tid 1140] ssl_engine_io.c(999): [client 127.0.0.1:17072] AH02001: Connection closed to child 58 with standard shutdown (server volunteer:443)
[Sat Nov 29 22:32:32.004924 2014] [ssl:debug] [pid 10176:tid 1140] ssl_engine_kernel.c(215): [client 127.0.0.1:17073] AH02034: Initial (No.1) HTTPS request received for child 58 (server volunteer:443), referer: https://volunteer/admin/settings/14
[Sat Nov 29 22:32:32.006925 2014] [authz_core:debug] [pid 10176:tid 1140] mod_authz_core.c(799): [client 127.0.0.1:17073] AH01626: authorization result of Require all granted: granted, referer: https://volunteer/admin/settings/14
[Sat Nov 29 22:32:32.006925 2014] [authz_core:debug] [pid 10176:tid 1140] mod_authz_core.c(799): [client 127.0.0.1:17073] AH01626: authorization result of <RequireAny>: granted, referer: https://volunteer/admin/settings/14
[Sat Nov 29 22:32:32.651961 2014] [ssl:debug] [pid 10176:tid 1152] ssl_engine_io.c(999): [client 127.0.0.1:17078] AH02001: Connection closed to child 59 with standard shutdown (server volunteer:443)
[Sat Nov 29 22:32:32.651961 2014] [ssl:debug] [pid 10176:tid 1160] ssl_engine_io.c(999): [client 127.0.0.1:17080] AH02001: Connection closed to child 60 with standard shutdown (server volunteer:443)
[Sat Nov 29 22:32:32.652962 2014] [ssl:debug] [pid 10176:tid 1136] ssl_engine_io.c(999): [client 127.0.0.1:17081] AH02001: Connection closed to child 57 with standard shutdown (server volunteer:443)
[Sat Nov 29 22:32:32.653962 2014] [ssl:debug] [pid 10176:tid 1184] ssl_engine_io.c(999): [client 127.0.0.1:17079] AH02001: Connection closed to child 63 with standard shutdown (server volunteer:443)
[Sat Nov 29 22:32:32.655962 2014] [ssl:debug] [pid 10176:tid 1124] ssl_engine_io.c(999): [client 127.0.0.1:17082] AH02001: Connection closed to child 56 with standard shutdown (server volunteer:443)
[Sat Nov 29 22:32:32.667962 2014] [ssl:debug] [pid 10176:tid 1124] ssl_engine_io.c(999): [client 127.0.0.1:17083] AH02001: Connection closed to child 56 with standard shutdown (server volunteer:443)
[Sat Nov 29 22:32:32.670963 2014] [ssl:debug] [pid 10176:tid 1184] ssl_engine_io.c(999): [client 127.0.0.1:17084] AH02001: Connection closed to child 63 with standard shutdown (server volunteer:443)
[Sat Nov 29 22:32:32.671963 2014] [ssl:debug] [pid 10176:tid 1152] ssl_engine_io.c(999): [client 127.0.0.1:17087] AH02001: Connection closed to child 59 with standard shutdown (server volunteer:443)
[Sat Nov 29 22:32:32.671963 2014] [ssl:debug] [pid 10176:tid 1160] ssl_engine_io.c(999): [client 127.0.0.1:17086] AH02001: Connection closed to child 60 with standard shutdown (server volunteer:443)
[Sat Nov 29 22:32:32.671963 2014] [ssl:debug] [pid 10176:tid 1136] ssl_engine_io.c(999): [client 127.0.0.1:17085] AH02001: Connection closed to child 57 with standard shutdown (server volunteer:443)
[Sat Nov 29 22:32:32.681963 2014] [ssl:debug] [pid 10176:tid 1160] ssl_engine_kernel.c(215): [client 127.0.0.1:17089] AH02034: Initial (No.1) HTTPS request received for child 60 (server volunteer:443), referer: https://volunteer/admin/settings/14
[Sat Nov 29 22:32:32.682963 2014] [ssl:debug] [pid 10176:tid 1152] ssl_engine_kernel.c(215): [client 127.0.0.1:17090] AH02034: Initial (No.1) HTTPS request received for child 59 (server volunteer:443), referer: https://volunteer/admin/settings/14
[Sat Nov 29 22:32:32.682963 2014] [authz_core:debug] [pid 10176:tid 1160] mod_authz_core.c(799): [client 127.0.0.1:17089] AH01626: authorization result of Require all granted: granted, referer: https://volunteer/admin/settings/14
[Sat Nov 29 22:32:32.682963 2014] [authz_core:debug] [pid 10176:tid 1160] mod_authz_core.c(799): [client 127.0.0.1:17089] AH01626: authorization result of <RequireAny>: granted, referer: https://volunteer/admin/settings/14
[Sat Nov 29 22:32:32.683963 2014] [ssl:debug] [pid 10176:tid 1124] ssl_engine_kernel.c(215): [client 127.0.0.1:17092] AH02034: Initial (No.1) HTTPS request received for child 56 (server volunteer:443), referer: https://volunteer/admin/settings/14
[Sat Nov 29 22:32:32.683963 2014] [ssl:debug] [pid 10176:tid 1184] ssl_engine_kernel.c(215): [client 127.0.0.1:17091] AH02034: Initial (No.1) HTTPS request received for child 63 (server volunteer:443), referer: https://volunteer/admin/settings/14
[Sat Nov 29 22:32:32.683963 2014] [authz_core:debug] [pid 10176:tid 1152] mod_authz_core.c(799): [client 127.0.0.1:17090] AH01626: authorization result of Require all granted: granted, referer: https://volunteer/admin/settings/14
[Sat Nov 29 22:32:32.683963 2014] [authz_core:debug] [pid 10176:tid 1152] mod_authz_core.c(799): [client 127.0.0.1:17090] AH01626: authorization result of <RequireAny>: granted, referer: https://volunteer/admin/settings/14
[Sat Nov 29 22:32:32.684963 2014] [authz_core:debug] [pid 10176:tid 1124] mod_authz_core.c(799): [client 127.0.0.1:17092] AH01626: authorization result of Require all granted: granted, referer: https://volunteer/admin/settings/14
[Sat Nov 29 22:32:32.684963 2014] [authz_core:debug] [pid 10176:tid 1124] mod_authz_core.c(799): [client 127.0.0.1:17092] AH01626: authorization result of <RequireAny>: granted, referer: https://volunteer/admin/settings/14
[Sat Nov 29 22:32:32.685963 2014] [authz_core:debug] [pid 10176:tid 1184] mod_authz_core.c(799): [client 127.0.0.1:17091] AH01626: authorization result of Require all granted: granted, referer: https://volunteer/admin/settings/14
[Sat Nov 29 22:32:32.685963 2014] [authz_core:debug] [pid 10176:tid 1184] mod_authz_core.c(799): [client 127.0.0.1:17091] AH01626: authorization result of <RequireAny>: granted, referer: https://volunteer/admin/settings/14
[Sat Nov 29 22:32:32.685963 2014] [ssl:debug] [pid 10176:tid 1136] ssl_engine_io.c(999): [client 127.0.0.1:17088] AH02001: Connection closed to child 57 with standard shutdown (server volunteer:443)
[Sat Nov 29 22:32:32.688964 2014] [ssl:debug] [pid 10176:tid 1160] ssl_engine_kernel.c(215): [client 127.0.0.1:17089] AH02034: Subsequent (No.2) HTTPS request received for child 60 (server volunteer:443), referer: https://volunteer/admin/settings/14
[Sat Nov 29 22:32:32.689964 2014] [ssl:debug] [pid 10176:tid 1152] ssl_engine_kernel.c(215): [client 127.0.0.1:17090] AH02034: Subsequent (No.2) HTTPS request received for child 59 (server volunteer:443), referer: https://volunteer/admin/settings/14
[Sat Nov 29 22:32:32.689964 2014] [authz_core:debug] [pid 10176:tid 1160] mod_authz_core.c(799): [client 127.0.0.1:17089] AH01626: authorization result of Require all granted: granted, referer: https://volunteer/admin/settings/14
[Sat Nov 29 22:32:32.689964 2014] [authz_core:debug] [pid 10176:tid 1160] mod_authz_core.c(799): [client 127.0.0.1:17089] AH01626: authorization result of <RequireAny>: granted, referer: https://volunteer/admin/settings/14
[Sat Nov 29 22:32:32.689964 2014] [ssl:debug] [pid 10176:tid 1124] ssl_engine_kernel.c(215): [client 127.0.0.1:17092] AH02034: Subsequent (No.2) HTTPS request received for child 56 (server volunteer:443), referer: https://volunteer/admin/settings/14
[Sat Nov 29 22:32:32.690964 2014] [authz_core:debug] [pid 10176:tid 1124] mod_authz_core.c(799): [client 127.0.0.1:17092] AH01626: authorization result of Require all granted: granted, referer: https://volunteer/admin/settings/14
[Sat Nov 29 22:32:32.690964 2014] [authz_core:debug] [pid 10176:tid 1124] mod_authz_core.c(799): [client 127.0.0.1:17092] AH01626: authorization result of <RequireAny>: granted, referer: https://volunteer/admin/settings/14
[Sat Nov 29 22:32:32.691964 2014] [ssl:debug] [pid 10176:tid 1160] ssl_engine_kernel.c(215): [client 127.0.0.1:17089] AH02034: Subsequent (No.3) HTTPS request received for child 60 (server volunteer:443), referer: https://volunteer/admin/settings/14
[Sat Nov 29 22:32:32.691964 2014] [authz_core:debug] [pid 10176:tid 1160] mod_authz_core.c(799): [client 127.0.0.1:17089] AH01626: authorization result of Require all granted: granted, referer: https://volunteer/admin/settings/14
[Sat Nov 29 22:32:32.691964 2014] [authz_core:debug] [pid 10176:tid 1160] mod_authz_core.c(799): [client 127.0.0.1:17089] AH01626: authorization result of <RequireAny>: granted, referer: https://volunteer/admin/settings/14
[Sat Nov 29 22:32:32.692964 2014] [ssl:debug] [pid 10176:tid 1124] ssl_engine_kernel.c(215): [client 127.0.0.1:17092] AH02034: Subsequent (No.3) HTTPS request received for child 56 (server volunteer:443), referer: https://volunteer/admin/settings/14
[Sat Nov 29 22:32:32.693964 2014] [authz_core:debug] [pid 10176:tid 1124] mod_authz_core.c(799): [client 127.0.0.1:17092] AH01626: authorization result of Require all granted: granted, referer: https://volunteer/admin/settings/14
[Sat Nov 29 22:32:32.693964 2014] [authz_core:debug] [pid 10176:tid 1124] mod_authz_core.c(799): [client 127.0.0.1:17092] AH01626: authorization result of <RequireAny>: granted, referer: https://volunteer/admin/settings/14
[Sat Nov 29 22:32:32.693964 2014] [ssl:debug] [pid 10176:tid 1184] ssl_engine_kernel.c(215): [client 127.0.0.1:17091] AH02034: Subsequent (No.2) HTTPS request received for child 63 (server volunteer:443), referer: https://volunteer/admin/settings/14
[Sat Nov 29 22:32:32.693964 2014] [authz_core:debug] [pid 10176:tid 1184] mod_authz_core.c(799): [client 127.0.0.1:17091] AH01626: authorization result of Require all granted: granted, referer: https://volunteer/admin/settings/14
[Sat Nov 29 22:32:32.694964 2014] [authz_core:debug] [pid 10176:tid 1184] mod_authz_core.c(799): [client 127.0.0.1:17091] AH01626: authorization result of <RequireAny>: granted, referer: https://volunteer/admin/settings/14
[Sat Nov 29 22:32:32.694964 2014] [authz_core:debug] [pid 10176:tid 1152] mod_authz_core.c(799): [client 127.0.0.1:17090] AH01626: authorization result of Require all granted: granted, referer: https://volunteer/admin/settings/14
[Sat Nov 29 22:32:32.694964 2014] [authz_core:debug] [pid 10176:tid 1152] mod_authz_core.c(799): [client 127.0.0.1:17090] AH01626: authorization result of <RequireAny>: granted, referer: https://volunteer/admin/settings/14
[Sat Nov 29 22:32:32.695964 2014] [ssl:debug] [pid 10176:tid 1160] ssl_engine_kernel.c(215): [client 127.0.0.1:17089] AH02034: Subsequent (No.4) HTTPS request received for child 60 (server volunteer:443), referer: https://volunteer/admin/settings/14
[Sat Nov 29 22:32:32.696964 2014] [authz_core:debug] [pid 10176:tid 1160] mod_authz_core.c(799): [client 127.0.0.1:17089] AH01626: authorization result of Require all granted: granted, referer: https://volunteer/admin/settings/14
[Sat Nov 29 22:32:32.696964 2014] [authz_core:debug] [pid 10176:tid 1160] mod_authz_core.c(799): [client 127.0.0.1:17089] AH01626: authorization result of <RequireAny>: granted, referer: https://volunteer/admin/settings/14
[Sat Nov 29 22:32:32.697964 2014] [ssl:debug] [pid 10176:tid 1124] ssl_engine_kernel.c(215): [client 127.0.0.1:17092] AH02034: Subsequent (No.4) HTTPS request received for child 56 (server volunteer:443), referer: https://volunteer/admin/settings/14
[Sat Nov 29 22:32:32.698964 2014] [ssl:debug] [pid 10176:tid 1184] ssl_engine_kernel.c(215): [client 127.0.0.1:17091] AH02034: Subsequent (No.3) HTTPS request received for child 63 (server volunteer:443), referer: https://volunteer/admin/settings/14
[Sat Nov 29 22:32:32.698964 2014] [ssl:debug] [pid 10176:tid 1152] ssl_engine_kernel.c(215): [client 127.0.0.1:17090] AH02034: Subsequent (No.3) HTTPS request received for child 59 (server volunteer:443), referer: https://volunteer/admin/settings/14
[Sat Nov 29 22:32:32.699964 2014] [authz_core:debug] [pid 10176:tid 1124] mod_authz_core.c(799): [client 127.0.0.1:17092] AH01626: authorization result of Require all granted: granted, referer: https://volunteer/admin/settings/14
[Sat Nov 29 22:32:32.699964 2014] [authz_core:debug] [pid 10176:tid 1124] mod_authz_core.c(799): [client 127.0.0.1:17092] AH01626: authorization result of <RequireAny>: granted, referer: https://volunteer/admin/settings/14
[Sat Nov 29 22:32:32.699964 2014] [authz_core:debug] [pid 10176:tid 1152] mod_authz_core.c(799): [client 127.0.0.1:17090] AH01626: authorization result of Require all granted: granted, referer: https://volunteer/admin/settings/14
[Sat Nov 29 22:32:32.699964 2014] [authz_core:debug] [pid 10176:tid 1152] mod_authz_core.c(799): [client 127.0.0.1:17090] AH01626: authorization result of <RequireAny>: granted, referer: https://volunteer/admin/settings/14
[Sat Nov 29 22:32:32.701964 2014] [authz_core:debug] [pid 10176:tid 1184] mod_authz_core.c(799): [client 127.0.0.1:17091] AH01626: authorization result of Require all granted: granted, referer: https://volunteer/admin/settings/14
[Sat Nov 29 22:32:32.701964 2014] [authz_core:debug] [pid 10176:tid 1184] mod_authz_core.c(799): [client 127.0.0.1:17091] AH01626: authorization result of <RequireAny>: granted, referer: https://volunteer/admin/settings/14
[Sat Nov 29 22:32:33.084986 2014] [ssl:debug] [pid 10176:tid 1140] ssl_engine_kernel.c(215): [client 127.0.0.1:17073] AH02034: Subsequent (No.2) HTTPS request received for child 58 (server volunteer:443)
[Sat Nov 29 22:32:33.085986 2014] [authz_core:debug] [pid 10176:tid 1140] mod_authz_core.c(799): [client 127.0.0.1:17073] AH01626: authorization result of Require all granted: granted
[Sat Nov 29 22:32:33.085986 2014] [authz_core:debug] [pid 10176:tid 1140] mod_authz_core.c(799): [client 127.0.0.1:17073] AH01626: authorization result of <RequireAny>: granted
[Sat Nov 29 22:32:38.197279 2014] [ssl:debug] [pid 10176:tid 1160] ssl_engine_io.c(999): [client 127.0.0.1:17089] AH02001: Connection closed to child 60 with standard shutdown (server volunteer:443)
[Sat Nov 29 22:32:38.200279 2014] [ssl:debug] [pid 10176:tid 1124] ssl_engine_io.c(999): [client 127.0.0.1:17092] AH02001: Connection closed to child 56 with standard shutdown (server volunteer:443)
[Sat Nov 29 22:32:38.200279 2014] [ssl:debug] [pid 10176:tid 1152] ssl_engine_io.c(999): [client 127.0.0.1:17090] AH02001: Connection closed to child 59 with standard shutdown (server volunteer:443)
[Sat Nov 29 22:32:38.202279 2014] [ssl:debug] [pid 10176:tid 1184] ssl_engine_io.c(999): [client 127.0.0.1:17091] AH02001: Connection closed to child 63 with standard shutdown (server volunteer:443)
[Sat Nov 29 22:32:38.587301 2014] [ssl:debug] [pid 10176:tid 1140] ssl_engine_io.c(999): [client 127.0.0.1:17073] AH02001: Connection closed to child 58 with standard shutdown (server volunteer:443)
[Sat Nov 29 22:32:42.888547 2014] [ssl:debug] [pid 10176:tid 1136] ssl_engine_io.c(999): [client 127.0.0.1:17093] AH02001: Connection closed to child 57 with standard shutdown (server volunteer:443)
[Sat Nov 29 22:35:37.577539 2014] [ssl:debug] [pid 10176:tid 1184] ssl_engine_io.c(999): [client 127.0.0.1:17213] AH02001: Connection closed to child 63 with standard shutdown (server volunteer:443)
[Sat Nov 29 22:35:37.577539 2014] [ssl:debug] [pid 10176:tid 1136] ssl_engine_io.c(999): [client 127.0.0.1:17211] AH02001: Connection closed to child 57 with standard shutdown (server volunteer:443)
[Sat Nov 29 22:35:37.578539 2014] [ssl:debug] [pid 10176:tid 1140] ssl_engine_io.c(999): [client 127.0.0.1:17212] AH02001: Connection closed to child 58 with standard shutdown (server volunteer:443)
[Sat Nov 29 22:35:37.610540 2014] [ssl:debug] [pid 10176:tid 1140] ssl_engine_kernel.c(215): [client 127.0.0.1:17214] AH02034: Initial (No.1) HTTPS request received for child 58 (server volunteer:443), referer: https://volunteer/admin/settings/14
[Sat Nov 29 22:35:37.612541 2014] [authz_core:debug] [pid 10176:tid 1140] mod_authz_core.c(799): [client 127.0.0.1:17214] AH01626: authorization result of Require all granted: granted, referer: https://volunteer/admin/settings/14
[Sat Nov 29 22:35:37.612541 2014] [authz_core:debug] [pid 10176:tid 1140] mod_authz_core.c(799): [client 127.0.0.1:17214] AH01626: authorization result of <RequireAny>: granted, referer: https://volunteer/admin/settings/14
[Sat Nov 29 22:35:38.329582 2014] [ssl:debug] [pid 10176:tid 1124] ssl_engine_io.c(999): [client 127.0.0.1:17223] AH02001: Connection closed to child 56 with standard shutdown (server volunteer:443)
[Sat Nov 29 22:35:38.332582 2014] [ssl:debug] [pid 10176:tid 1160] ssl_engine_io.c(999): [client 127.0.0.1:17224] AH02001: Connection closed to child 60 with standard shutdown (server volunteer:443)
[Sat Nov 29 22:35:38.333582 2014] [ssl:debug] [pid 10176:tid 1152] ssl_engine_io.c(999): [client 127.0.0.1:17222] AH02001: Connection closed to child 59 with standard shutdown (server volunteer:443)
[Sat Nov 29 22:35:38.335582 2014] [ssl:debug] [pid 10176:tid 1136] ssl_engine_io.c(999): [client 127.0.0.1:17220] AH02001: Connection closed to child 57 with standard shutdown (server volunteer:443)
[Sat Nov 29 22:35:38.336582 2014] [ssl:debug] [pid 10176:tid 1184] ssl_engine_io.c(999): [client 127.0.0.1:17221] AH02001: Connection closed to child 63 with standard shutdown (server volunteer:443)
[Sat Nov 29 22:35:38.356583 2014] [ssl:debug] [pid 10176:tid 1136] ssl_engine_io.c(999): [client 127.0.0.1:17226] AH02001: Connection closed to child 57 with standard shutdown (server volunteer:443)
[Sat Nov 29 22:35:38.357583 2014] [ssl:debug] [pid 10176:tid 1184] ssl_engine_io.c(999): [client 127.0.0.1:17225] AH02001: Connection closed to child 63 with standard shutdown (server volunteer:443)
[Sat Nov 29 22:35:38.361583 2014] [ssl:debug] [pid 10176:tid 1160] ssl_engine_io.c(999): [client 127.0.0.1:17228] AH02001: Connection closed to child 60 with standard shutdown (server volunteer:443)
[Sat Nov 29 22:35:38.363584 2014] [ssl:debug] [pid 10176:tid 1152] ssl_engine_io.c(999): [client 127.0.0.1:17227] AH02001: Connection closed to child 59 with standard shutdown (server volunteer:443)
[Sat Nov 29 22:35:38.363584 2014] [ssl:debug] [pid 10176:tid 1124] ssl_engine_io.c(999): [client 127.0.0.1:17229] AH02001: Connection closed to child 56 with standard shutdown (server volunteer:443)
[Sat Nov 29 22:35:38.383585 2014] [ssl:debug] [pid 10176:tid 1124] ssl_engine_kernel.c(215): [client 127.0.0.1:17230] AH02034: Initial (No.1) HTTPS request received for child 56 (server volunteer:443), referer: https://volunteer/admin/settings/14
[Sat Nov 29 22:35:38.384585 2014] [ssl:debug] [pid 10176:tid 1160] ssl_engine_kernel.c(215): [client 127.0.0.1:17232] AH02034: Initial (No.1) HTTPS request received for child 60 (server volunteer:443), referer: https://volunteer/admin/settings/14
[Sat Nov 29 22:35:38.384585 2014] [ssl:debug] [pid 10176:tid 1136] ssl_engine_kernel.c(215): [client 127.0.0.1:17234] AH02034: Initial (No.1) HTTPS request received for child 57 (server volunteer:443), referer: https://volunteer/admin/settings/14
