[Sat Nov 29 22:47:32.324420 2014] [ssl:debug] [pid 10176:tid 1136] ssl_engine_kernel.c(215): [client 127.0.0.1:17958] AH02034: Subsequent (No.6) HTTPS request received for child 57 (server volunteer:443), referer: https://volunteer/admin/settings/14
[Sat Nov 29 22:47:32.324420 2014] [authz_core:debug] [pid 10176:tid 1136] mod_authz_core.c(799): [client 127.0.0.1:17958] AH01626: authorization result of Require all granted: granted, referer: https://volunteer/admin/settings/14
[Sat Nov 29 22:47:32.324420 2014] [authz_core:debug] [pid 10176:tid 1136] mod_authz_core.c(799): [client 127.0.0.1:17958] AH01626: authorization result of <RequireAny>: granted, referer: https://volunteer/admin/settings/14
[Sat Nov 29 22:47:32.330420 2014] [ssl:debug] [pid 10176:tid 1136] ssl_engine_kernel.c(215): [client 127.0.0.1:17958] AH02034: Subsequent (No.7) HTTPS request received for child 57 (server volunteer:443), referer: https://volunteer/admin/settings/14
[Sat Nov 29 22:47:32.330420 2014] [authz_core:debug] [pid 10176:tid 1136] mod_authz_core.c(799): [client 127.0.0.1:17958] AH01626: authorization result of Require all granted: granted, referer: https://volunteer/admin/settings/14
[Sat Nov 29 22:47:32.330420 2014] [authz_core:debug] [pid 10176:tid 1136] mod_authz_core.c(799): [client 127.0.0.1:17958] AH01626: authorization result of <RequireAny>: granted, referer: https://volunteer/admin/settings/14
[Sat Nov 29 22:47:32.333420 2014] [ssl:debug] [pid 10176:tid 1136] ssl_engine_kernel.c(215): [client 127.0.0.1:17958] AH02034: Subsequent (No.8) HTTPS request received for child 57 (server volunteer:443), referer: https://volunteer/admin/settings/14
[Sat Nov 29 22:47:32.334420 2014] [authz_core:debug] [pid 10176:tid 1136] mod_authz_core.c(799): [client 127.0.0.1:17958] AH01626: authorization result of Require all granted: granted, referer: https://volunteer/admin/settings/14
[Sat Nov 29 22:47:32.334420 2014] [authz_core:debug] [pid 10176:tid 1136] mod_authz_core.c(799): [client 127.0.0.1:17958] AH01626: authorization result of <RequireAny>: granted, referer: https://volunteer/admin/settings/14
[Sat Nov 29 22:47:32.339421 2014] [ssl:debug] [pid 10176:tid 1136] ssl_engine_kernel.c(215): [client 127.0.0.1:17958] AH02034: Subsequent (No.9) HTTPS request received for child 57 (server volunteer:443), referer: https://volunteer/admin/settings/14
[Sat Nov 29 22:47:32.340421 2014] [authz_core:debug] [pid 10176:tid 1136] mod_authz_core.c(799): [client 127.0.0.1:17958] AH01626: authorization result of Require all granted: granted, referer: https://volunteer/admin/settings/14
[Sat Nov 29 22:47:32.340421 2014] [authz_core:debug] [pid 10176:tid 1136] mod_authz_core.c(799): [client 127.0.0.1:17958] AH01626: authorization result of <RequireAny>: granted, referer: https://volunteer/admin/settings/14
[Sat Nov 29 22:47:32.347421 2014] [ssl:debug] [pid 10176:tid 1136] ssl_engine_kernel.c(215): [client 127.0.0.1:17958] AH02034: Subsequent (No.10) HTTPS request received for child 57 (server volunteer:443), referer: https://volunteer/admin/settings/14
[Sat Nov 29 22:47:32.348421 2014] [authz_core:debug] [pid 10176:tid 1136] mod_authz_core.c(799): [client 127.0.0.1:17958] AH01626: authorization result of Require all granted: granted, referer: https://volunteer/admin/settings/14
[Sat Nov 29 22:47:32.348421 2014] [authz_core:debug] [pid 10176:tid 1136] mod_authz_core.c(799): [client 127.0.0.1:17958] AH01626: authorization result of <RequireAny>: granted, referer: https://volunteer/admin/settings/14
[Sat Nov 29 22:47:32.363422 2014] [ssl:debug] [pid 10176:tid 1136] ssl_engine_kernel.c(215): [client 127.0.0.1:17958] AH02034: Subsequent (No.11) HTTPS request received for child 57 (server volunteer:443), referer: https://volunteer/admin/settings/14
[Sat Nov 29 22:47:32.364422 2014] [authz_core:debug] [pid 10176:tid 1136] mod_authz_core.c(799): [client 127.0.0.1:17958] AH01626: authorization result of Require all granted: granted, referer: https://volunteer/admin/settings/14
[Sat Nov 29 22:47:32.364422 2014] [authz_core:debug] [pid 10176:tid 1136] mod_authz_core.c(799): [client 127.0.0.1:17958] AH01626: authorization result of <RequireAny>: granted, referer: https://volunteer/admin/settings/14
[Sat Nov 29 22:47:32.379423 2014] [ssl:debug] [pid 10176:tid 1136] ssl_engine_kernel.c(215): [client 127.0.0.1:17958] AH02034: Subsequent (No.12) HTTPS request received for child 57 (server volunteer:443), referer: https://volunteer/admin/settings/14
[Sat Nov 29 22:47:32.380423 2014] [authz_core:debug] [pid 10176:tid 1136] mod_authz_core.c(799): [client 127.0.0.1:17958] AH01626: authorization result of Require all granted: granted, referer: https://volunteer/admin/settings/14
[Sat Nov 29 22:47:32.380423 2014] [authz_core:debug] [pid 10176:tid 1136] mod_authz_core.c(799): [client 127.0.0.1:17958] AH01626: authorization result of <RequireAny>: granted, referer: https://volunteer/admin/settings/14
[Sat Nov 29 22:47:32.387423 2014] [ssl:debug] [pid 10176:tid 1136] ssl_engine_kernel.c(215): [client 127.0.0.1:17958] AH02034: Subsequent (No.13) HTTPS request received for child 57 (server volunteer:443), referer: https://volunteer/admin/settings/14
[Sat Nov 29 22:47:32.388423 2014] [authz_core:debug] [pid 10176:tid 1136] mod_authz_core.c(799): [client 127.0.0.1:17958] AH01626: authorization result of Require all granted: granted, referer: https://volunteer/admin/settings/14
[Sat Nov 29 22:47:32.388423 2014] [authz_core:debug] [pid 10176:tid 1136] mod_authz_core.c(799): [client 127.0.0.1:17958] AH01626: authorization result of <RequireAny>: granted, referer: https://volunteer/admin/settings/14
[Sat Nov 29 22:47:32.395424 2014] [ssl:debug] [pid 10176:tid 1136] ssl_engine_kernel.c(215): [client 127.0.0.1:17958] AH02034: Subsequent (No.14) HTTPS request received for child 57 (server volunteer:443), referer: https://volunteer/admin/settings/14
[Sat Nov 29 22:47:32.396424 2014] [authz_core:debug] [pid 10176:tid 1136] mod_authz_core.c(799): [client 127.0.0.1:17958] AH01626: authorization result of Require all granted: granted, referer: https://volunteer/admin/settings/14
[Sat Nov 29 22:47:32.396424 2014] [authz_core:debug] [pid 10176:tid 1136] mod_authz_core.c(799): [client 127.0.0.1:17958] AH01626: authorization result of <RequireAny>: granted, referer: https://volunteer/admin/settings/14
[Sat Nov 29 22:47:32.399424 2014] [ssl:debug] [pid 10176:tid 1136] ssl_engine_kernel.c(215): [client 127.0.0.1:17958] AH02034: Subsequent (No.15) HTTPS request received for child 57 (server volunteer:443), referer: https://volunteer/admin/settings/14
[Sat Nov 29 22:47:32.400424 2014] [authz_core:debug] [pid 10176:tid 1136] mod_authz_core.c(799): [client 127.0.0.1:17958] AH01626: authorization result of Require all granted: granted, referer: https://volunteer/admin/settings/14
[Sat Nov 29 22:47:32.400424 2014] [authz_core:debug] [pid 10176:tid 1136] mod_authz_core.c(799): [client 127.0.0.1:17958] AH01626: authorization result of <RequireAny>: granted, referer: https://volunteer/admin/settings/14
[Sat Nov 29 22:47:32.496430 2014] [ssl:debug] [pid 10176:tid 1184] ssl_engine_io.c(999): [client 127.0.0.1:17965] AH02001: Connection closed to child 63 with standard shutdown (server volunteer:443)
[Sat Nov 29 22:47:32.497430 2014] [ssl:debug] [pid 10176:tid 1124] ssl_engine_io.c(999): [client 127.0.0.1:17967] AH02001: Connection closed to child 56 with standard shutdown (server volunteer:443)
[Sat Nov 29 22:47:32.498430 2014] [ssl:debug] [pid 10176:tid 1152] ssl_engine_io.c(999): [client 127.0.0.1:17968] AH02001: Connection closed to child 59 with standard shutdown (server volunteer:443)
[Sat Nov 29 22:47:32.498430 2014] [ssl:debug] [pid 10176:tid 1160] ssl_engine_io.c(999): [client 127.0.0.1:17966] AH02001: Connection closed to child 60 with standard shutdown (server volunteer:443)
[Sat Nov 29 22:47:32.499430 2014] [ssl:debug] [pid 10176:tid 1140] ssl_engine_io.c(999): [client 127.0.0.1:17964] AH02001: Connection closed to child 58 with standard shutdown (server volunteer:443)
[Sat Nov 29 22:47:33.009459 2014] [ssl:debug] [pid 10176:tid 1136] ssl_engine_kernel.c(215): [client 127.0.0.1:17958] AH02034: Subsequent (No.16) HTTPS request received for child 57 (server volunteer:443)
[Sat Nov 29 22:47:33.011459 2014] [authz_core:debug] [pid 10176:tid 1136] mod_authz_core.c(799): [client 127.0.0.1:17958] AH01626: authorization result of Require all granted: granted
[Sat Nov 29 22:47:33.011459 2014] [authz_core:debug] [pid 10176:tid 1136] mod_authz_core.c(799): [client 127.0.0.1:17958] AH01626: authorization result of <RequireAny>: granted
[Sat Nov 29 22:47:38.512774 2014] [ssl:debug] [pid 10176:tid 1136] ssl_engine_io.c(999): [client 127.0.0.1:17958] AH02001: Connection closed to child 57 with standard shutdown (server volunteer:443)
[Sat Nov 29 22:49:00.641471 2014] [ssl:debug] [pid 10176:tid 1124] ssl_engine_io.c(999): [client 127.0.0.1:18049] AH02001: Connection closed to child 56 with standard shutdown (server volunteer:443)
[Sat Nov 29 22:49:00.642471 2014] [ssl:debug] [pid 10176:tid 1152] ssl_engine_io.c(999): [client 127.0.0.1:18048] AH02001: Connection closed to child 59 with standard shutdown (server volunteer:443)
[Sat Nov 29 22:49:00.644471 2014] [ssl:debug] [pid 10176:tid 1160] ssl_engine_io.c(999): [client 127.0.0.1:18047] AH02001: Connection closed to child 60 with standard shutdown (server volunteer:443)
[Sat Nov 29 22:49:00.648472 2014] [ssl:debug] [pid 10176:tid 1184] ssl_engine_io.c(999): [client 127.0.0.1:18050] AH02001: Connection closed to child 63 with standard shutdown (server volunteer:443)
[Sat Nov 29 22:49:00.648472 2014] [ssl:debug] [pid 10176:tid 1136] ssl_engine_io.c(999): [client 127.0.0.1:18045] AH02001: Connection closed to child 57 with standard shutdown (server volunteer:443)
[Sat Nov 29 22:49:00.651472 2014] [ssl:debug] [pid 10176:tid 1140] ssl_engine_io.c(999): [client 127.0.0.1:18046] AH02001: Connection closed to child 58 with standard shutdown (server volunteer:443)
[Sat Nov 29 22:49:00.662472 2014] [ssl:debug] [pid 10176:tid 1140] ssl_engine_kernel.c(215): [client 127.0.0.1:18051] AH02034: Initial (No.1) HTTPS request received for child 58 (server volunteer:443), referer: https://volunteer/admin/settings/14
[Sat Nov 29 22:49:00.665473 2014] [authz_core:debug] [pid 10176:tid 1140] mod_authz_core.c(799): [client 127.0.0.1:18051] AH01626: authorization result of Require all granted: granted, referer: https://volunteer/admin/settings/14
[Sat Nov 29 22:49:00.666473 2014] [authz_core:debug] [pid 10176:tid 1140] mod_authz_core.c(799): [client 127.0.0.1:18051] AH01626: authorization result of <RequireAny>: granted, referer: https://volunteer/admin/settings/14
[Sat Nov 29 22:49:01.949546 2014] [ssl:debug] [pid 10176:tid 1140] ssl_engine_kernel.c(215): [client 127.0.0.1:18051] AH02034: Subsequent (No.2) HTTPS request received for child 58 (server volunteer:443), referer: https://volunteer/admin/settings/14
[Sat Nov 29 22:49:01.951546 2014] [authz_core:debug] [pid 10176:tid 1140] mod_authz_core.c(799): [client 127.0.0.1:18051] AH01626: authorization result of Require all granted: granted, referer: https://volunteer/admin/settings/14
[Sat Nov 29 22:49:01.951546 2014] [authz_core:debug] [pid 10176:tid 1140] mod_authz_core.c(799): [client 127.0.0.1:18051] AH01626: authorization result of <RequireAny>: granted, referer: https://volunteer/admin/settings/14
[Sat Nov 29 22:49:01.960547 2014] [ssl:debug] [pid 10176:tid 1136] ssl_engine_io.c(999): [client 127.0.0.1:18059] AH02001: Connection closed to child 57 with standard shutdown (server volunteer:443)
[Sat Nov 29 22:49:01.964547 2014] [ssl:debug] [pid 10176:tid 1184] ssl_engine_io.c(999): [client 127.0.0.1:18060] AH02001: Connection closed to child 63 with standard shutdown (server volunteer:443)
[Sat Nov 29 22:49:01.964547 2014] [ssl:debug] [pid 10176:tid 1160] ssl_engine_io.c(999): [client 127.0.0.1:18061] AH02001: Connection closed to child 60 with standard shutdown (server volunteer:443)
[Sat Nov 29 22:49:01.965547 2014] [ssl:debug] [pid 10176:tid 1152] ssl_engine_io.c(999): [client 127.0.0.1:18062] AH02001: Connection closed to child 59 with standard shutdown (server volunteer:443)
[Sat Nov 29 22:49:01.966547 2014] [ssl:debug] [pid 10176:tid 1124] ssl_engine_io.c(999): [client 127.0.0.1:18063] AH02001: Connection closed to child 56 with standard shutdown (server volunteer:443)
[Sat Nov 29 22:49:01.967547 2014] [ssl:debug] [pid 10176:tid 1140] ssl_engine_kernel.c(215): [client 127.0.0.1:18051] AH02034: Subsequent (No.3) HTTPS request received for child 58 (server volunteer:443), referer: https://volunteer/admin/settings/14
[Sat Nov 29 22:49:01.969547 2014] [authz_core:debug] [pid 10176:tid 1140] mod_authz_core.c(799): [client 127.0.0.1:18051] AH01626: authorization result of Require all granted: granted, referer: https://volunteer/admin/settings/14
[Sat Nov 29 22:49:01.969547 2014] [authz_core:debug] [pid 10176:tid 1140] mod_authz_core.c(799): [client 127.0.0.1:18051] AH01626: authorization result of <RequireAny>: granted, referer: https://volunteer/admin/settings/14
[Sat Nov 29 22:49:01.973547 2014] [ssl:debug] [pid 10176:tid 1140] ssl_engine_kernel.c(215): [client 127.0.0.1:18051] AH02034: Subsequent (No.4) HTTPS request received for child 58 (server volunteer:443), referer: https://volunteer/admin/settings/14
[Sat Nov 29 22:49:01.974547 2014] [authz_core:debug] [pid 10176:tid 1140] mod_authz_core.c(799): [client 127.0.0.1:18051] AH01626: authorization result of Require all granted: granted, referer: https://volunteer/admin/settings/14
[Sat Nov 29 22:49:01.974547 2014] [authz_core:debug] [pid 10176:tid 1140] mod_authz_core.c(799): [client 127.0.0.1:18051] AH01626: authorization result of <RequireAny>: granted, referer: https://volunteer/admin/settings/14
[Sat Nov 29 22:49:01.988548 2014] [ssl:debug] [pid 10176:tid 1140] ssl_engine_kernel.c(215): [client 127.0.0.1:18051] AH02034: Subsequent (No.5) HTTPS request received for child 58 (server volunteer:443), referer: https://volunteer/admin/settings/14
[Sat Nov 29 22:49:01.989548 2014] [authz_core:debug] [pid 10176:tid 1140] mod_authz_core.c(799): [client 127.0.0.1:18051] AH01626: authorization result of Require all granted: granted, referer: https://volunteer/admin/settings/14
[Sat Nov 29 22:49:01.990548 2014] [authz_core:debug] [pid 10176:tid 1140] mod_authz_core.c(799): [client 127.0.0.1:18051] AH01626: authorization result of <RequireAny>: granted, referer: https://volunteer/admin/settings/14
[Sat Nov 29 22:49:01.994549 2014] [ssl:debug] [pid 10176:tid 1140] ssl_engine_kernel.c(215): [client 127.0.0.1:18051] AH02034: Subsequent (No.6) HTTPS request received for child 58 (server volunteer:443), referer: https://volunteer/admin/settings/14
[Sat Nov 29 22:49:01.995549 2014] [authz_core:debug] [pid 10176:tid 1140] mod_authz_core.c(799): [client 127.0.0.1:18051] AH01626: authorization result of Require all granted: granted, referer: https://volunteer/admin/settings/14
[Sat Nov 29 22:49:01.995549 2014] [authz_core:debug] [pid 10176:tid 1140] mod_authz_core.c(799): [client 127.0.0.1:18051] AH01626: authorization result of <RequireAny>: granted, referer: https://volunteer/admin/settings/14
[Sat Nov 29 22:49:02.002549 2014] [ssl:debug] [pid 10176:tid 1140] ssl_engine_kernel.c(215): [client 127.0.0.1:18051] AH02034: Subsequent (No.7) HTTPS request received for child 58 (server volunteer:443), referer: https://volunteer/admin/settings/14
[Sat Nov 29 22:49:02.003549 2014] [authz_core:debug] [pid 10176:tid 1140] mod_authz_core.c(799): [client 127.0.0.1:18051] AH01626: authorization result of Require all granted: granted, referer: https://volunteer/admin/settings/14
[Sat Nov 29 22:49:02.003549 2014] [authz_core:debug] [pid 10176:tid 1140] mod_authz_core.c(799): [client 127.0.0.1:18051] AH01626: authorization result of <RequireAny>: granted, referer: https://volunteer/admin/settings/14
[Sat Nov 29 22:49:02.008549 2014] [ssl:debug] [pid 10176:tid 1140] ssl_engine_kernel.c(215): [client 127.0.0.1:18051] AH02034: Subsequent (No.8) HTTPS request received for child 58 (server volunteer:443), referer: https://volunteer/admin/settings/14
[Sat Nov 29 22:49:02.009549 2014] [authz_core:debug] [pid 10176:tid 1140] mod_authz_core.c(799): [client 127.0.0.1:18051] AH01626: authorization result of Require all granted: granted, referer: https://volunteer/admin/settings/14
[Sat Nov 29 22:49:02.009549 2014] [authz_core:debug] [pid 10176:tid 1140] mod_authz_core.c(799): [client 127.0.0.1:18051] AH01626: authorization result of <RequireAny>: granted, referer: https://volunteer/admin/settings/14
[Sat Nov 29 22:49:02.017550 2014] [ssl:debug] [pid 10176:tid 1140] ssl_engine_kernel.c(215): [client 127.0.0.1:18051] AH02034: Subsequent (No.9) HTTPS request received for child 58 (server volunteer:443), referer: https://volunteer/admin/settings/14
[Sat Nov 29 22:49:02.018550 2014] [authz_core:debug] [pid 10176:tid 1140] mod_authz_core.c(799): [client 127.0.0.1:18051] AH01626: authorization result of Require all granted: granted, referer: https://volunteer/admin/settings/14
[Sat Nov 29 22:49:02.018550 2014] [authz_core:debug] [pid 10176:tid 1140] mod_authz_core.c(799): [client 127.0.0.1:18051] AH01626: authorization result of <RequireAny>: granted, referer: https://volunteer/admin/settings/14
[Sat Nov 29 22:49:02.053552 2014] [ssl:debug] [pid 10176:tid 1124] ssl_engine_io.c(999): [client 127.0.0.1:18064] AH02001: Connection closed to child 56 with standard shutdown (server volunteer:443)
[Sat Nov 29 22:49:02.053552 2014] [ssl:debug] [pid 10176:tid 1136] ssl_engine_io.c(999): [client 127.0.0.1:18068] AH02001: Connection closed to child 57 with standard shutdown (server volunteer:443)
[Sat Nov 29 22:49:02.053552 2014] [ssl:debug] [pid 10176:tid 1160] ssl_engine_io.c(999): [client 127.0.0.1:18066] AH02001: Connection closed to child 60 with standard shutdown (server volunteer:443)
[Sat Nov 29 22:49:02.055552 2014] [ssl:debug] [pid 10176:tid 1140] ssl_engine_kernel.c(215): [client 127.0.0.1:18051] AH02034: Subsequent (No.10) HTTPS request received for child 58 (server volunteer:443), referer: https://volunteer/admin/settings/14
[Sat Nov 29 22:49:02.056552 2014] [authz_core:debug] [pid 10176:tid 1140] mod_authz_core.c(799): [client 127.0.0.1:18051] AH01626: authorization result of Require all granted: granted, referer: https://volunteer/admin/settings/14
[Sat Nov 29 22:49:02.056552 2014] [authz_core:debug] [pid 10176:tid 1140] mod_authz_core.c(799): [client 127.0.0.1:18051] AH01626: authorization result of <RequireAny>: granted, referer: https://volunteer/admin/settings/14
[Sat Nov 29 22:49:02.059552 2014] [ssl:debug] [pid 10176:tid 1152] ssl_engine_io.c(999): [client 127.0.0.1:18065] AH02001: Connection closed to child 59 with standard shutdown (server volunteer:443)
[Sat Nov 29 22:49:02.059552 2014] [ssl:debug] [pid 10176:tid 1184] ssl_engine_io.c(999): [client 127.0.0.1:18067] AH02001: Connection closed to child 63 with standard shutdown (server volunteer:443)
[Sat Nov 29 22:49:02.073553 2014] [ssl:debug] [pid 10176:tid 1140] ssl_engine_kernel.c(215): [client 127.0.0.1:18051] AH02034: Subsequent (No.11) HTTPS request received for child 58 (server volunteer:443), referer: https://volunteer/admin/settings/14
[Sat Nov 29 22:49:02.074553 2014] [authz_core:debug] [pid 10176:tid 1140] mod_authz_core.c(799): [client 127.0.0.1:18051] AH01626: authorization result of Require all granted: granted, referer: https://volunteer/admin/settings/14
[Sat Nov 29 22:49:02.074553 2014] [authz_core:debug] [pid 10176:tid 1140] mod_authz_core.c(799): [client 127.0.0.1:18051] AH01626: authorization result of <RequireAny>: granted, referer: https://volunteer/admin/settings/14
[Sat Nov 29 22:49:02.105555 2014] [ssl:debug] [pid 10176:tid 1184] ssl_engine_kernel.c(215): [client 127.0.0.1:18069] AH02034: Initial (No.1) HTTPS request received for child 63 (server volunteer:443), referer: https://volunteer/admin/settings/14
[Sat Nov 29 22:49:02.106555 2014] [authz_core:debug] [pid 10176:tid 1184] mod_authz_core.c(799): [client 127.0.0.1:18069] AH01626: authorization result of Require all granted: granted, referer: https://volunteer/admin/settings/14
[Sat Nov 29 22:49:02.106555 2014] [authz_core:debug] [pid 10176:tid 1184] mod_authz_core.c(799): [client 127.0.0.1:18069] AH01626: authorization result of <RequireAny>: granted, referer: https://volunteer/admin/settings/14
[Sat Nov 29 22:49:02.106555 2014] [ssl:debug] [pid 10176:tid 1160] ssl_engine_kernel.c(215): [client 127.0.0.1:18071] AH02034: Initial (No.1) HTTPS request received for child 60 (server volunteer:443), referer: https://volunteer/admin/settings/14
[Sat Nov 29 22:49:02.107555 2014] [authz_core:debug] [pid 10176:tid 1160] mod_authz_core.c(799): [client 127.0.0.1:18071] AH01626: authorization result of Require all granted: granted, referer: https://volunteer/admin/settings/14
[Sat Nov 29 22:49:02.107555 2014] [authz_core:debug] [pid 10176:tid 1160] mod_authz_core.c(799): [client 127.0.0.1:18071] AH01626: authorization result of <RequireAny>: granted, referer: https://volunteer/admin/settings/14
[Sat Nov 29 22:49:02.107555 2014] [ssl:debug] [pid 10176:tid 1152] ssl_engine_kernel.c(215): [client 127.0.0.1:18070] AH02034: Initial (No.1) HTTPS request received for child 59 (server volunteer:443), referer: https://volunteer/admin/settings/14
[Sat Nov 29 22:49:02.108555 2014] [authz_core:debug] [pid 10176:tid 1152] mod_authz_core.c(799): [client 127.0.0.1:18070] AH01626: authorization result of Require all granted: granted, referer: https://volunteer/admin/settings/14
[Sat Nov 29 22:49:02.108555 2014] [authz_core:debug] [pid 10176:tid 1152] mod_authz_core.c(799): [client 127.0.0.1:18070] AH01626: authorization result of <RequireAny>: granted, referer: https://volunteer/admin/settings/14
[Sat Nov 29 22:49:02.116556 2014] [ssl:debug] [pid 10176:tid 1136] ssl_engine_kernel.c(215): [client 127.0.0.1:18072] AH02034: Initial (No.1) HTTPS request received for child 57 (server volunteer:443), referer: https://volunteer/admin/settings/14
[Sat Nov 29 22:49:02.117556 2014] [authz_core:debug] [pid 10176:tid 1136] mod_authz_core.c(799): [client 127.0.0.1:18072] AH01626: authorization result of Require all granted: granted, referer: https://volunteer/admin/settings/14
[Sat Nov 29 22:49:02.117556 2014] [authz_core:debug] [pid 10176:tid 1136] mod_authz_core.c(799): [client 127.0.0.1:18072] AH01626: authorization result of <RequireAny>: granted, referer: https://volunteer/admin/settings/14
[Sat Nov 29 22:49:02.635585 2014] [ssl:debug] [pid 10176:tid 1136] ssl_engine_kernel.c(215): [client 127.0.0.1:18072] AH02034: Subsequent (No.2) HTTPS request received for child 57 (server volunteer:443)
[Sat Nov 29 22:49:02.636585 2014] [authz_core:debug] [pid 10176:tid 1136] mod_authz_core.c(799): [client 127.0.0.1:18072] AH01626: authorization result of Require all granted: granted
[Sat Nov 29 22:49:02.636585 2014] [authz_core:debug] [pid 10176:tid 1136] mod_authz_core.c(799): [client 127.0.0.1:18072] AH01626: authorization result of <RequireAny>: granted
[Sat Nov 29 22:49:07.603869 2014] [ssl:debug] [pid 10176:tid 1140] ssl_engine_io.c(999): [client 127.0.0.1:18051] AH02001: Connection closed to child 58 with standard shutdown (server volunteer:443)
[Sat Nov 29 22:49:07.607870 2014] [ssl:debug] [pid 10176:tid 1184] ssl_engine_io.c(999): [client 127.0.0.1:18069] AH02001: Connection closed to child 63 with standard shutdown (server volunteer:443)
[Sat Nov 29 22:49:07.608870 2014] [ssl:debug] [pid 10176:tid 1160] ssl_engine_io.c(999): [client 127.0.0.1:18071] AH02001: Connection closed to child 60 with standard shutdown (server volunteer:443)
[Sat Nov 29 22:49:07.609870 2014] [ssl:debug] [pid 10176:tid 1152] ssl_engine_io.c(999): [client 127.0.0.1:18070] AH02001: Connection closed to child 59 with standard shutdown (server volunteer:443)
[Sat Nov 29 22:49:08.137900 2014] [ssl:debug] [pid 10176:tid 1136] ssl_engine_io.c(999): [client 127.0.0.1:18072] AH02001: Connection closed to child 57 with standard shutdown (server volunteer:443)
[Sat Nov 29 22:49:29.141101 2014] [ssl:debug] [pid 10176:tid 1160] ssl_engine_io.c(999): [client 127.0.0.1:18102] AH02001: Connection closed to child 60 with standard shutdown (server volunteer:443)
[Sat Nov 29 22:49:29.142101 2014] [ssl:debug] [pid 10176:tid 1152] ssl_engine_io.c(999): [client 127.0.0.1:18101] AH02001: Connection closed to child 59 with standard shutdown (server volunteer:443)
[Sat Nov 29 22:49:29.142101 2014] [ssl:debug] [pid 10176:tid 1124] ssl_engine_io.c(999): [client 127.0.0.1:18105] AH02001: Connection closed to child 56 with standard shutdown (server volunteer:443)
[Sat Nov 29 22:49:29.142101 2014] [ssl:debug] [pid 10176:tid 1136] ssl_engine_io.c(999): [client 127.0.0.1:18100] AH02001: Connection closed to child 57 with standard shutdown (server volunteer:443)
[Sat Nov 29 22:49:29.143101 2014] [ssl:debug] [pid 10176:tid 1184] ssl_engine_io.c(999): [client 127.0.0.1:18103] AH02001: Connection closed to child 63 with standard shutdown (server volunteer:443)
[Sat Nov 29 22:49:29.147102 2014] [ssl:debug] [pid 10176:tid 1140] ssl_engine_io.c(999): [client 127.0.0.1:18104] AH02001: Connection closed to child 58 with standard shutdown (server volunteer:443)
[Sat Nov 29 22:49:29.156102 2014] [ssl:debug] [pid 10176:tid 1140] ssl_engine_kernel.c(215): [client 127.0.0.1:18106] AH02034: Initial (No.1) HTTPS request received for child 58 (server volunteer:443), referer: https://volunteer/admin/settings/14
[Sat Nov 29 22:49:29.159102 2014] [authz_core:debug] [pid 10176:tid 1140] mod_authz_core.c(799): [client 127.0.0.1:18106] AH01626: authorization result of Require all granted: granted, referer: https://volunteer/admin/settings/14
[Sat Nov 29 22:49:29.159102 2014] [authz_core:debug] [pid 10176:tid 1140] mod_authz_core.c(799): [client 127.0.0.1:18106] AH01626: authorization result of <RequireAny>: granted, referer: https://volunteer/admin/settings/14
[Sat Nov 29 22:49:29.733135 2014] [:error] [pid 10176:tid 1140] [client 127.0.0.1:18106] PHP Notice:  Undefined property: mysqli::$stmt in C:\\Users\\Brandon Thomas\\Documents\\GitHub\\freelance\\volunteer\\admin\\include\\functions\\db_functions.php on line 187, referer: https://volunteer/admin/settings/14
[Sat Nov 29 22:49:29.733135 2014] [:error] [pid 10176:tid 1140] [client 127.0.0.1:18106] PHP Stack trace:, referer: https://volunteer/admin/settings/14
[Sat Nov 29 22:49:29.733135 2014] [:error] [pid 10176:tid 1140] [client 127.0.0.1:18106] PHP   1. {main}() C:\\Users\\Brandon Thomas\\Documents\\GitHub\\freelance\\volunteer\\admin\\index.php:0, referer: https://volunteer/admin/settings/14
[Sat Nov 29 22:49:29.733135 2014] [:error] [pid 10176:tid 1140] [client 127.0.0.1:18106] PHP   2. require_once() C:\\Users\\Brandon Thomas\\Documents\\GitHub\\freelance\\volunteer\\admin\\index.php:21, referer: https://volunteer/admin/settings/14
[Sat Nov 29 22:49:29.733135 2014] [:error] [pid 10176:tid 1140] [client 127.0.0.1:18106] PHP   3. settings->checkSubmission() C:\\Users\\Brandon Thomas\\Documents\\GitHub\\freelance\\volunteer\\admin\\include\\templates\\admin_page.php:55, referer: https://volunteer/admin/settings/14
[Sat Nov 29 22:49:29.733135 2014] [:error] [pid 10176:tid 1140] [client 127.0.0.1:18106] PHP   4. updateAttribute($values = array ('id' => '14', 'name' => 'Gender', 'dom_id' => 'genders', 'type' => 'multiple_choice', 'default' => NULL, 'placeholder' => NULL, 'required' => 1)) C:\\Users\\Brandon Thomas\\Documents\\GitHub\\freelance\\volunteer\\admin\\include\\admin_class\\settings.class.php:110, referer: https://volunteer/admin/settings/14
[Sat Nov 29 22:49:29.981149 2014] [ssl:debug] [pid 10176:tid 1124] ssl_engine_io.c(999): [client 127.0.0.1:18112] AH02001: Connection closed to child 56 with standard shutdown (server volunteer:443)
[Sat Nov 29 22:49:30.000150 2014] [ssl:debug] [pid 10176:tid 1184] ssl_engine_io.c(999): [client 127.0.0.1:18110] AH02001: Connection closed to child 63 with standard shutdown (server volunteer:443)
[Sat Nov 29 22:49:30.001150 2014] [ssl:debug] [pid 10176:tid 1136] ssl_engine_io.c(999): [client 127.0.0.1:18111] AH02001: Connection closed to child 57 with standard shutdown (server volunteer:443)
[Sat Nov 29 22:49:30.039153 2014] [ssl:debug] [pid 10176:tid 1136] ssl_engine_io.c(999): [client 127.0.0.1:18113] AH02001: Connection closed to child 57 with standard shutdown (server volunteer:443)
[Sat Nov 29 22:49:30.039153 2014] [ssl:debug] [pid 10176:tid 1124] ssl_engine_io.c(999): [client 127.0.0.1:18115] AH02001: Connection closed to child 56 with standard shutdown (server volunteer:443)
[Sat Nov 29 22:49:30.040153 2014] [ssl:debug] [pid 10176:tid 1160] ssl_engine_io.c(999): [client 127.0.0.1:18117] AH02001: Connection closed to child 60 with standard shutdown (server volunteer:443)
[Sat Nov 29 22:49:30.042153 2014] [ssl:debug] [pid 10176:tid 1184] ssl_engine_io.c(999): [client 127.0.0.1:18114] AH02001: Connection closed to child 63 with standard shutdown (server volunteer:443)
[Sat Nov 29 22:49:30.043153 2014] [ssl:debug] [pid 10176:tid 1152] ssl_engine_io.c(999): [client 127.0.0.1:18116] AH02001: Connection closed to child 59 with standard shutdown (server volunteer:443)
[Sat Nov 29 22:49:30.115157 2014] [ssl:debug] [pid 10176:tid 1124] ssl_engine_kernel.c(215): [client 127.0.0.1:18121] AH02034: Initial (No.1) HTTPS request received for child 56 (server volunteer:443), referer: https://volunteer/admin/settings/14
[Sat Nov 29 22:49:30.116157 2014] [authz_core:debug] [pid 10176:tid 1124] mod_authz_core.c(799): [client 127.0.0.1:18121] AH01626: authorization result of Require all granted: granted, referer: https://volunteer/admin/settings/14
[Sat Nov 29 22:49:30.116157 2014] [ssl:debug] [pid 10176:tid 1136] ssl_engine_kernel.c(215): [client 127.0.0.1:18122] AH02034: Initial (No.1) HTTPS request received for child 57 (server volunteer:443), referer: https://volunteer/admin/settings/14
[Sat Nov 29 22:49:30.116157 2014] [authz_core:debug] [pid 10176:tid 1124] mod_authz_core.c(799): [client 127.0.0.1:18121] AH01626: authorization result of <RequireAny>: granted, referer: https://volunteer/admin/settings/14
[Sat Nov 29 22:49:30.117157 2014] [authz_core:debug] [pid 10176:tid 1136] mod_authz_core.c(799): [client 127.0.0.1:18122] AH01626: authorization result of Require all granted: granted, referer: https://volunteer/admin/settings/14
[Sat Nov 29 22:49:30.117157 2014] [authz_core:debug] [pid 10176:tid 1136] mod_authz_core.c(799): [client 127.0.0.1:18122] AH01626: authorization result of <RequireAny>: granted, referer: https://volunteer/admin/settings/14
[Sat Nov 29 22:49:30.118157 2014] [ssl:debug] [pid 10176:tid 1184] ssl_engine_kernel.c(215): [client 127.0.0.1:18119] AH02034: Initial (No.1) HTTPS request received for child 63 (server volunteer:443), referer: https://volunteer/admin/settings/14
[Sat Nov 29 22:49:30.119157 2014] [ssl:debug] [pid 10176:tid 1160] ssl_engine_kernel.c(215): [client 127.0.0.1:18120] AH02034: Initial (No.1) HTTPS request received for child 60 (server volunteer:443), referer: https://volunteer/admin/settings/14
[Sat Nov 29 22:49:30.119157 2014] [authz_core:debug] [pid 10176:tid 1184] mod_authz_core.c(799): [client 127.0.0.1:18119] AH01626: authorization result of Require all granted: granted, referer: https://volunteer/admin/settings/14
[Sat Nov 29 22:49:30.121157 2014] [authz_core:debug] [pid 10176:tid 1184] mod_authz_core.c(799): [client 127.0.0.1:18119] AH01626: authorization result of <RequireAny>: granted, referer: https://volunteer/admin/settings/14
[Sat Nov 29 22:49:30.120157 2014] [ssl:debug] [pid 10176:tid 1152] ssl_engine_kernel.c(215): [client 127.0.0.1:18118] AH02034: Initial (No.1) HTTPS request received for child 59 (server volunteer:443), referer: https://volunteer/admin/settings/14
[Sat Nov 29 22:49:30.120157 2014] [authz_core:debug] [pid 10176:tid 1160] mod_authz_core.c(799): [client 127.0.0.1:18120] AH01626: authorization result of Require all granted: granted, referer: https://volunteer/admin/settings/14
[Sat Nov 29 22:49:30.122157 2014] [authz_core:debug] [pid 10176:tid 1160] mod_authz_core.c(799): [client 127.0.0.1:18120] AH01626: authorization result of <RequireAny>: granted, referer: https://volunteer/admin/settings/14
[Sat Nov 29 22:49:30.123157 2014] [authz_core:debug] [pid 10176:tid 1152] mod_authz_core.c(799): [client 127.0.0.1:18118] AH01626: authorization result of Require all granted: granted, referer: https://volunteer/admin/settings/14
[Sat Nov 29 22:49:30.123157 2014] [authz_core:debug] [pid 10176:tid 1152] mod_authz_core.c(799): [client 127.0.0.1:18118] AH01626: authorization result of <RequireAny>: granted, referer: https://volunteer/admin/settings/14
[Sat Nov 29 22:49:30.157159 2014] [ssl:debug] [pid 10176:tid 1184] ssl_engine_kernel.c(215): [client 127.0.0.1:18119] AH02034: Subsequent (No.2) HTTPS request received for child 63 (server volunteer:443), referer: https://volunteer/admin/settings/14
[Sat Nov 29 22:49:30.158159 2014] [authz_core:debug] [pid 10176:tid 1184] mod_authz_core.c(799): [client 127.0.0.1:18119] AH01626: authorization result of Require all granted: granted, referer: https://volunteer/admin/settings/14
[Sat Nov 29 22:49:30.158159 2014] [authz_core:debug] [pid 10176:tid 1184] mod_authz_core.c(799): [client 127.0.0.1:18119] AH01626: authorization result of <RequireAny>: granted, referer: https://volunteer/admin/settings/14
[Sat Nov 29 22:49:30.159160 2014] [ssl:debug] [pid 10176:tid 1152] ssl_engine_kernel.c(215): [client 127.0.0.1:18118] AH02034: Subsequent (No.2) HTTPS request received for child 59 (server volunteer:443), referer: https://volunteer/admin/settings/14
[Sat Nov 29 22:49:30.160160 2014] [authz_core:debug] [pid 10176:tid 1152] mod_authz_core.c(799): [client 127.0.0.1:18118] AH01626: authorization result of Require all granted: granted, referer: https://volunteer/admin/settings/14
[Sat Nov 29 22:49:30.160160 2014] [authz_core:debug] [pid 10176:tid 1152] mod_authz_core.c(799): [client 127.0.0.1:18118] AH01626: authorization result of <RequireAny>: granted, referer: https://volunteer/admin/settings/14
[Sat Nov 29 22:49:30.160160 2014] [ssl:debug] [pid 10176:tid 1160] ssl_engine_kernel.c(215): [client 127.0.0.1:18120] AH02034: Subsequent (No.2) HTTPS request received for child 60 (server volunteer:443), referer: https://volunteer/admin/settings/14
[Sat Nov 29 22:49:30.161160 2014] [authz_core:debug] [pid 10176:tid 1160] mod_authz_core.c(799): [client 127.0.0.1:18120] AH01626: authorization result of Require all granted: granted, referer: https://volunteer/admin/settings/14
[Sat Nov 29 22:49:30.161160 2014] [authz_core:debug] [pid 10176:tid 1160] mod_authz_core.c(799): [client 127.0.0.1:18120] AH01626: authorization result of <RequireAny>: granted, referer: https://volunteer/admin/settings/14
[Sat Nov 29 22:49:30.166160 2014] [ssl:debug] [pid 10176:tid 1136] ssl_engine_kernel.c(215): [client 127.0.0.1:18122] AH02034: Subsequent (No.2) HTTPS request received for child 57 (server volunteer:443), referer: https://volunteer/admin/settings/14
[Sat Nov 29 22:49:30.167160 2014] [authz_core:debug] [pid 10176:tid 1136] mod_authz_core.c(799): [client 127.0.0.1:18122] AH01626: authorization result of Require all granted: granted, referer: https://volunteer/admin/settings/14
[Sat Nov 29 22:49:30.167160 2014] [authz_core:debug] [pid 10176:tid 1136] mod_authz_core.c(799): [client 127.0.0.1:18122] AH01626: authorization result of <RequireAny>: granted, referer: https://volunteer/admin/settings/14
[Sat Nov 29 22:49:30.181161 2014] [ssl:debug] [pid 10176:tid 1184] ssl_engine_kernel.c(215): [client 127.0.0.1:18119] AH02034: Subsequent (No.3) HTTPS request received for child 63 (server volunteer:443), referer: https://volunteer/admin/settings/14
[Sat Nov 29 22:49:30.182161 2014] [authz_core:debug] [pid 10176:tid 1184] mod_authz_core.c(799): [client 127.0.0.1:18119] AH01626: authorization result of Require all granted: granted, referer: https://volunteer/admin/settings/14
[Sat Nov 29 22:49:30.182161 2014] [authz_core:debug] [pid 10176:tid 1184] mod_authz_core.c(799): [client 127.0.0.1:18119] AH01626: authorization result of <RequireAny>: granted, referer: https://volunteer/admin/settings/14
[Sat Nov 29 22:49:30.185161 2014] [ssl:debug] [pid 10176:tid 1152] ssl_engine_kernel.c(215): [client 127.0.0.1:18118] AH02034: Subsequent (No.3) HTTPS request received for child 59 (server volunteer:443), referer: https://volunteer/admin/settings/14
[Sat Nov 29 22:49:30.186161 2014] [authz_core:debug] [pid 10176:tid 1152] mod_authz_core.c(799): [client 127.0.0.1:18118] AH01626: authorization result of Require all granted: granted, referer: https://volunteer/admin/settings/14
[Sat Nov 29 22:49:30.186161 2014] [authz_core:debug] [pid 10176:tid 1152] mod_authz_core.c(799): [client 127.0.0.1:18118] AH01626: authorization result of <RequireAny>: granted, referer: https://volunteer/admin/settings/14
[Sat Nov 29 22:49:30.190161 2014] [ssl:debug] [pid 10176:tid 1124] ssl_engine_kernel.c(215): [client 127.0.0.1:18121] AH02034: Subsequent (No.2) HTTPS request received for child 56 (server volunteer:443), referer: https://volunteer/admin/settings/14
[Sat Nov 29 22:49:30.192161 2014] [authz_core:debug] [pid 10176:tid 1124] mod_authz_core.c(799): [client 127.0.0.1:18121] AH01626: authorization result of Require all granted: granted, referer: https://volunteer/admin/settings/14
[Sat Nov 29 22:49:30.192161 2014] [authz_core:debug] [pid 10176:tid 1124] mod_authz_core.c(799): [client 127.0.0.1:18121] AH01626: authorization result of <RequireAny>: granted, referer: https://volunteer/admin/settings/14
[Sat Nov 29 22:49:30.206162 2014] [ssl:debug] [pid 10176:tid 1152] ssl_engine_kernel.c(215): [client 127.0.0.1:18118] AH02034: Subsequent (No.4) HTTPS request received for child 59 (server volunteer:443), referer: https://volunteer/admin/settings/14
[Sat Nov 29 22:49:30.207162 2014] [authz_core:debug] [pid 10176:tid 1152] mod_authz_core.c(799): [client 127.0.0.1:18118] AH01626: authorization result of Require all granted: granted, referer: https://volunteer/admin/settings/14
[Sat Nov 29 22:49:30.207162 2014] [authz_core:debug] [pid 10176:tid 1152] mod_authz_core.c(799): [client 127.0.0.1:18118] AH01626: authorization result of <RequireAny>: granted, referer: https://volunteer/admin/settings/14
[Sat Nov 29 22:49:30.208162 2014] [ssl:debug] [pid 10176:tid 1184] ssl_engine_kernel.c(215): [client 127.0.0.1:18119] AH02034: Subsequent (No.4) HTTPS request received for child 63 (server volunteer:443), referer: https://volunteer/admin/settings/14
[Sat Nov 29 22:49:30.208162 2014] [authz_core:debug] [pid 10176:tid 1184] mod_authz_core.c(799): [client 127.0.0.1:18119] AH01626: authorization result of Require all granted: granted, referer: https://volunteer/admin/settings/14
[Sat Nov 29 22:49:30.208162 2014] [authz_core:debug] [pid 10176:tid 1184] mod_authz_core.c(799): [client 127.0.0.1:18119] AH01626: authorization result of <RequireAny>: granted, referer: https://volunteer/admin/settings/14
[Sat Nov 29 22:49:30.896202 2014] [ssl:debug] [pid 10176:tid 1140] ssl_engine_kernel.c(215): [client 127.0.0.1:18106] AH02034: Subsequent (No.2) HTTPS request received for child 58 (server volunteer:443)
[Sat Nov 29 22:49:30.897202 2014] [authz_core:debug] [pid 10176:tid 1140] mod_authz_core.c(799): [client 127.0.0.1:18106] AH01626: authorization result of Require all granted: granted
[Sat Nov 29 22:49:30.897202 2014] [authz_core:debug] [pid 10176:tid 1140] mod_authz_core.c(799): [client 127.0.0.1:18106] AH01626: authorization result of <RequireAny>: granted
[Sat Nov 29 22:49:35.670475 2014] [ssl:debug] [pid 10176:tid 1160] ssl_engine_io.c(999): [client 127.0.0.1:18120] AH02001: Connection closed to child 60 with standard shutdown (server volunteer:443)
[Sat Nov 29 22:49:35.697476 2014] [ssl:debug] [pid 10176:tid 1124] ssl_engine_io.c(999): [client 127.0.0.1:18121] AH02001: Connection closed to child 56 with standard shutdown (server volunteer:443)
[Sat Nov 29 22:49:35.708477 2014] [ssl:debug] [pid 10176:tid 1136] ssl_engine_io.c(999): [client 127.0.0.1:18122] AH02001: Connection closed to child 57 with standard shutdown (server volunteer:443)
[Sat Nov 29 22:49:35.708477 2014] [ssl:debug] [pid 10176:tid 1152] ssl_engine_io.c(999): [client 127.0.0.1:18118] AH02001: Connection closed to child 59 with standard shutdown (server volunteer:443)
[Sat Nov 29 22:49:35.713477 2014] [ssl:debug] [pid 10176:tid 1184] ssl_engine_io.c(999): [client 127.0.0.1:18119] AH02001: Connection closed to child 63 with standard shutdown (server volunteer:443)
[Sat Nov 29 22:49:36.399516 2014] [ssl:debug] [pid 10176:tid 1140] ssl_engine_io.c(999): [client 127.0.0.1:18106] AH02001: Connection closed to child 58 with standard shutdown (server volunteer:443)
[Sat Nov 29 22:49:39.416689 2014] [ssl:debug] [pid 10176:tid 1140] ssl_engine_io.c(999): [client 127.0.0.1:18129] AH02001: Connection closed to child 58 with standard shutdown (server volunteer:443)
[Sat Nov 29 22:49:39.434690 2014] [ssl:debug] [pid 10176:tid 1140] ssl_engine_kernel.c(215): [client 127.0.0.1:18130] AH02034: Initial (No.1) HTTPS request received for child 58 (server volunteer:443), referer: https://volunteer/admin/settings/14
[Sat Nov 29 22:49:39.436690 2014] [authz_core:debug] [pid 10176:tid 1140] mod_authz_core.c(799): [client 127.0.0.1:18130] AH01626: authorization result of Require all granted: granted, referer: https://volunteer/admin/settings/14
[Sat Nov 29 22:49:39.436690 2014] [authz_core:debug] [pid 10176:tid 1140] mod_authz_core.c(799): [client 127.0.0.1:18130] AH01626: authorization result of <RequireAny>: granted, referer: https://volunteer/admin/settings/14
[Sat Nov 29 22:49:40.272738 2014] [ssl:debug] [pid 10176:tid 1184] ssl_engine_io.c(999): [client 127.0.0.1:18136] AH02001: Connection closed to child 63 with standard shutdown (server volunteer:443)
[Sat Nov 29 22:49:40.275738 2014] [ssl:debug] [pid 10176:tid 1136] ssl_engine_io.c(999): [client 127.0.0.1:18137] AH02001: Connection closed to child 57 with standard shutdown (server volunteer:443)
[Sat Nov 29 22:49:40.277738 2014] [ssl:debug] [pid 10176:tid 1124] ssl_engine_io.c(999): [client 127.0.0.1:18139] AH02001: Connection closed to child 56 with standard shutdown (server volunteer:443)
[Sat Nov 29 22:49:40.278738 2014] [ssl:debug] [pid 10176:tid 1152] ssl_engine_io.c(999): [client 127.0.0.1:18138] AH02001: Connection closed to child 59 with standard shutdown (server volunteer:443)
[Sat Nov 29 22:49:40.279738 2014] [ssl:debug] [pid 10176:tid 1184] ssl_engine_io.c(999): [client 127.0.0.1:18140] AH02001: Connection closed to child 63 with standard shutdown (server volunteer:443)
[Sat Nov 29 22:49:40.316741 2014] [ssl:debug] [pid 10176:tid 1160] ssl_engine_io.c(999): [client 127.0.0.1:18145] AH02001: Connection closed to child 60 with standard shutdown (server volunteer:443)
[Sat Nov 29 22:49:40.317741 2014] [ssl:debug] [pid 10176:tid 1184] ssl_engine_io.c(999): [client 127.0.0.1:18141] AH02001: Connection closed to child 63 with standard shutdown (server volunteer:443)
[Sat Nov 29 22:49:40.318741 2014] [ssl:debug] [pid 10176:tid 1152] ssl_engine_io.c(999): [client 127.0.0.1:18142] AH02001: Connection closed to child 59 with standard shutdown (server volunteer:443)
[Sat Nov 29 22:49:40.318741 2014] [ssl:debug] [pid 10176:tid 1124] ssl_engine_io.c(999): [client 127.0.0.1:18143] AH02001: Connection closed to child 56 with standard shutdown (server volunteer:443)
[Sat Nov 29 22:49:40.320741 2014] [ssl:debug] [pid 10176:tid 1136] ssl_engine_io.c(999): [client 127.0.0.1:18144] AH02001: Connection closed to child 57 with standard shutdown (server volunteer:443)
[Sat Nov 29 22:49:40.339742 2014] [ssl:debug] [pid 10176:tid 1136] ssl_engine_kernel.c(215): [client 127.0.0.1:18146] AH02034: Initial (No.1) HTTPS request received for child 57 (server volunteer:443), referer: https://volunteer/admin/settings/14
[Sat Nov 29 22:49:40.341742 2014] [authz_core:debug] [pid 10176:tid 1136] mod_authz_core.c(799): [client 127.0.0.1:18146] AH01626: authorization result of Require all granted: granted, referer: https://volunteer/admin/settings/14
[Sat Nov 29 22:49:40.341742 2014] [authz_core:debug] [pid 10176:tid 1136] mod_authz_core.c(799): [client 127.0.0.1:18146] AH01626: authorization result of <RequireAny>: granted, referer: https://volunteer/admin/settings/14
[Sat Nov 29 22:49:40.343742 2014] [ssl:debug] [pid 10176:tid 1152] ssl_engine_kernel.c(215): [client 127.0.0.1:18148] AH02034: Initial (No.1) HTTPS request received for child 59 (server volunteer:443), referer: https://volunteer/admin/settings/14
[Sat Nov 29 22:49:40.343742 2014] [ssl:debug] [pid 10176:tid 1160] ssl_engine_kernel.c(215): [client 127.0.0.1:18150] AH02034: Initial (No.1) HTTPS request received for child 60 (server volunteer:443), referer: https://volunteer/admin/settings/14
[Sat Nov 29 22:49:40.343742 2014] [ssl:debug] [pid 10176:tid 1124] ssl_engine_kernel.c(215): [client 127.0.0.1:18147] AH02034: Initial (No.1) HTTPS request received for child 56 (server volunteer:443), referer: https://volunteer/admin/settings/14
[Sat Nov 29 22:49:40.344742 2014] [authz_core:debug] [pid 10176:tid 1152] mod_authz_core.c(799): [client 127.0.0.1:18148] AH01626: authorization result of Require all granted: granted, referer: https://volunteer/admin/settings/14
[Sat Nov 29 22:49:40.344742 2014] [authz_core:debug] [pid 10176:tid 1152] mod_authz_core.c(799): [client 127.0.0.1:18148] AH01626: authorization result of <RequireAny>: granted, referer: https://volunteer/admin/settings/14
[Sat Nov 29 22:49:40.345742 2014] [authz_core:debug] [pid 10176:tid 1160] mod_authz_core.c(799): [client 127.0.0.1:18150] AH01626: authorization result of Require all granted: granted, referer: https://volunteer/admin/settings/14
[Sat Nov 29 22:49:40.345742 2014] [authz_core:debug] [pid 10176:tid 1160] mod_authz_core.c(799): [client 127.0.0.1:18150] AH01626: authorization result of <RequireAny>: granted, referer: https://volunteer/admin/settings/14
[Sat Nov 29 22:49:40.344742 2014] [authz_core:debug] [pid 10176:tid 1124] mod_authz_core.c(799): [client 127.0.0.1:18147] AH01626: authorization result of Require all granted: granted, referer: https://volunteer/admin/settings/14
[Sat Nov 29 22:49:40.345742 2014] [authz_core:debug] [pid 10176:tid 1124] mod_authz_core.c(799): [client 127.0.0.1:18147] AH01626: authorization result of <RequireAny>: granted, referer: https://volunteer/admin/settings/14
[Sat Nov 29 22:49:40.345742 2014] [ssl:debug] [pid 10176:tid 1184] ssl_engine_kernel.c(215): [client 127.0.0.1:18149] AH02034: Initial (No.1) HTTPS request received for child 63 (server volunteer:443), referer: https://volunteer/admin/settings/14
[Sat Nov 29 22:49:40.347742 2014] [authz_core:debug] [pid 10176:tid 1184] mod_authz_core.c(799): [client 127.0.0.1:18149] AH01626: authorization result of Require all granted: granted, referer: https://volunteer/admin/settings/14
[Sat Nov 29 22:49:40.347742 2014] [authz_core:debug] [pid 10176:tid 1184] mod_authz_core.c(799): [client 127.0.0.1:18149] AH01626: authorization result of <RequireAny>: granted, referer: https://volunteer/admin/settings/14
[Sat Nov 29 22:49:40.359743 2014] [ssl:debug] [pid 10176:tid 1152] ssl_engine_kernel.c(215): [client 127.0.0.1:18148] AH02034: Subsequent (No.2) HTTPS request received for child 59 (server volunteer:443), referer: https://volunteer/admin/settings/14
[Sat Nov 29 22:49:40.360743 2014] [authz_core:debug] [pid 10176:tid 1152] mod_authz_core.c(799): [client 127.0.0.1:18148] AH01626: authorization result of Require all granted: granted, referer: https://volunteer/admin/settings/14
[Sat Nov 29 22:49:40.360743 2014] [authz_core:debug] [pid 10176:tid 1152] mod_authz_core.c(799): [client 127.0.0.1:18148] AH01626: authorization result of <RequireAny>: granted, referer: https://volunteer/admin/settings/14
[Sat Nov 29 22:49:40.362743 2014] [ssl:debug] [pid 10176:tid 1160] ssl_engine_kernel.c(215): [client 127.0.0.1:18150] AH02034: Subsequent (No.2) HTTPS request received for child 60 (server volunteer:443), referer: https://volunteer/admin/settings/14
[Sat Nov 29 22:49:40.362743 2014] [authz_core:debug] [pid 10176:tid 1160] mod_authz_core.c(799): [client 127.0.0.1:18150] AH01626: authorization result of Require all granted: granted, referer: https://volunteer/admin/settings/14
[Sat Nov 29 22:49:40.362743 2014] [authz_core:debug] [pid 10176:tid 1160] mod_authz_core.c(799): [client 127.0.0.1:18150] AH01626: authorization result of <RequireAny>: granted, referer: https://volunteer/admin/settings/14
[Sat Nov 29 22:49:40.364743 2014] [ssl:debug] [pid 10176:tid 1184] ssl_engine_kernel.c(215): [client 127.0.0.1:18149] AH02034: Subsequent (No.2) HTTPS request received for child 63 (server volunteer:443), referer: https://volunteer/admin/settings/14
[Sat Nov 29 22:49:40.364743 2014] [ssl:debug] [pid 10176:tid 1136] ssl_engine_kernel.c(215): [client 127.0.0.1:18146] AH02034: Subsequent (No.2) HTTPS request received for child 57 (server volunteer:443), referer: https://volunteer/admin/settings/14
[Sat Nov 29 22:49:40.365743 2014] [authz_core:debug] [pid 10176:tid 1184] mod_authz_core.c(799): [client 127.0.0.1:18149] AH01626: authorization result of Require all granted: granted, referer: https://volunteer/admin/settings/14
[Sat Nov 29 22:49:40.365743 2014] [authz_core:debug] [pid 10176:tid 1184] mod_authz_core.c(799): [client 127.0.0.1:18149] AH01626: authorization result of <RequireAny>: granted, referer: https://volunteer/admin/settings/14
[Sat Nov 29 22:49:40.365743 2014] [ssl:debug] [pid 10176:tid 1124] ssl_engine_kernel.c(215): [client 127.0.0.1:18147] AH02034: Subsequent (No.2) HTTPS request received for child 56 (server volunteer:443), referer: https://volunteer/admin/settings/14
